#
# There is insufficient memory for the Java Runtime Environment to continue.
# Native memory allocation (mmap) failed to map 65536 bytes for Failed to commit metaspace.
# Possible reasons:
#   The system is out of physical RAM or swap space
#   The process is running with CompressedOops enabled, and the Java Heap may be blocking the growth of the native heap
# Possible solutions:
#   Reduce memory load on the system
#   Increase physical memory or swap space
#   Check if swap backing store is full
#   Decrease Java heap size (-Xmx/-Xms)
#   Decrease number of Java threads
#   Decrease Java thread stack sizes (-Xss)
#   Set larger code cache with -XX:ReservedCodeCacheSize=
#   JVM is running with Zero Based Compressed Oops mode in which the Java heap is
#     placed in the first 32GB address space. The Java Heap base address is the
#     maximum limit for the native heap growth. Please use -XX:HeapBaseMinAddress
#     to set the Java Heap base and to place the Java Heap above 32GB virtual address.
# This output file may be truncated or incomplete.
#
#  Out of Memory Error (virtualSpaceNode.cpp:110), pid=23156, tid=13468
#
# JRE version: Java(TM) SE Runtime Environment (17.0.5+9) (build 17.0.5+9-LTS-191)
# Java VM: Java HotSpot(TM) 64-Bit Server VM (17.0.5+9-LTS-191, mixed mode, emulated-client, sharing, tiered, compressed oops, compressed class ptrs, g1 gc, windows-amd64)
# No core dump will be written. Minidumps are not enabled by default on client versions of Windows
#

---------------  S U M M A R Y ------------

Command Line: -XX:TieredStopAtLevel=1 -Dspring.output.ansi.enabled=always -Dcom.sun.management.jmxremote -Dspring.jmx.enabled=true -Dspring.liveBeansView.mbeanDomain -Dspring.application.admin.enabled=true -Dmanagement.endpoints.jmx.exposure.include=* -javaagent:G:\idea2025.1\lib\idea_rt.jar=55795 -Dfile.encoding=UTF-8 org.txf.demo1.Demo1Application

Host: 11th Gen Intel(R) Core(TM) i5-11260H @ 2.60GHz, 12 cores, 15G,  Windows 10 , 64 bit Build 19041 (10.0.19041.5915)
Time: Mon Sep 28 16:17:03 2026  Windows 10 , 64 bit Build 19041 (10.0.19041.5915) elapsed time: 0.907714 seconds (0d 0h 0m 0s)

---------------  T H R E A D  ---------------

Current thread (0x000002049357e870):  JavaThread "main" [_thread_in_vm, id=13468, stack(0x000000a2a5200000,0x000000a2a5300000)]

Stack: [0x000000a2a5200000,0x000000a2a5300000]
Native frames: (J=compiled Java code, j=interpreted, Vv=VM code, C=native code)
V  [jvm.dll+0x672eea]
V  [jvm.dll+0x7d2a04]
V  [jvm.dll+0x7d41ae]
V  [jvm.dll+0x7d4813]
V  [jvm.dll+0x242c15]
V  [jvm.dll+0x7ce9ab]
V  [jvm.dll+0x618bb6]
V  [jvm.dll+0x1be37e]
V  [jvm.dll+0x61b4f1]
V  [jvm.dll+0x619556]
V  [jvm.dll+0x238720]
V  [jvm.dll+0x1e885d]
V  [jvm.dll+0x1de2a1]
V  [jvm.dll+0x5393e0]
V  [jvm.dll+0x74d4f8]
V  [jvm.dll+0x74d5e4]
V  [jvm.dll+0x408fe5]
V  [jvm.dll+0x40f038]
C  [java.dll+0x17ec]

Java frames: (J=compiled Java code, j=interpreted, Vv=VM code)
J 1177  java.lang.ClassLoader.defineClass1(Ljava/lang/ClassLoader;Ljava/lang/String;[BIILjava/security/ProtectionDomain;Ljava/lang/String;)Ljava/lang/Class; java.base@17.0.5 (0 bytes) @ 0x000002049d3050e3 [0x000002049d305020+0x00000000000000c3]
J 1207 c1 java.lang.ClassLoader.defineClass(Ljava/lang/String;[BIILjava/security/ProtectionDomain;)Ljava/lang/Class; java.base@17.0.5 (43 bytes) @ 0x000002049d312e6c [0x000002049d312d60+0x000000000000010c]
J 1208 c1 jdk.internal.loader.BuiltinClassLoader.defineClass(Ljava/lang/String;Ljdk/internal/loader/Resource;)Ljava/lang/Class; java.base@17.0.5 (121 bytes) @ 0x000002049d315674 [0x000002049d3151a0+0x00000000000004d4]
J 1205 c1 jdk.internal.loader.BuiltinClassLoader.findClassOnClassPathOrNull(Ljava/lang/String;)Ljava/lang/Class; java.base@17.0.5 (64 bytes) @ 0x000002049d3136c4 [0x000002049d313400+0x00000000000002c4]
J 1032 c1 jdk.internal.loader.BuiltinClassLoader.loadClassOrNull(Ljava/lang/String;Z)Ljava/lang/Class; java.base@17.0.5 (143 bytes) @ 0x000002049d2c6684 [0x000002049d2c6200+0x0000000000000484]
J 1136 c1 jdk.internal.loader.ClassLoaders$AppClassLoader.loadClass(Ljava/lang/String;Z)Ljava/lang/Class; java.base@17.0.5 (40 bytes) @ 0x000002049d2f4fac [0x000002049d2f4e60+0x000000000000014c]
J 1100 c1 java.lang.ClassLoader.loadClass(Ljava/lang/String;)Ljava/lang/Class; java.base@17.0.5 (7 bytes) @ 0x000002049d2e69e4 [0x000002049d2e69a0+0x0000000000000044]
v  ~StubRoutines::call_stub
j  org.yaml.snakeyaml.parser.ParserImpl.<init>(Lorg/yaml/snakeyaml/reader/StreamReader;Lorg/yaml/snakeyaml/LoaderOptions;)V+1
j  org.yaml.snakeyaml.Yaml.loadAll(Ljava/io/Reader;)Ljava/lang/Iterable;+20
j  org.springframework.beans.factory.config.YamlProcessor.process(Lorg/springframework/beans/factory/config/YamlProcessor$MatchCallback;Lorg/yaml/snakeyaml/Yaml;Lorg/springframework/core/io/Resource;)Z+51
j  org.springframework.beans.factory.config.YamlProcessor.process(Lorg/springframework/beans/factory/config/YamlProcessor$MatchCallback;)V+35
j  org.springframework.boot.env.OriginTrackedYamlLoader.load()Ljava/util/List;+16
j  org.springframework.boot.env.YamlPropertySourceLoader.load(Ljava/lang/String;Lorg/springframework/core/io/Resource;)Ljava/util/List;+37
j  org.springframework.boot.context.config.StandardConfigDataLoader.load(Lorg/springframework/boot/context/config/ConfigDataLoaderContext;Lorg/springframework/boot/context/config/StandardConfigDataResource;)Lorg/springframework/boot/context/config/ConfigData;+70
j  org.springframework.boot.context.config.StandardConfigDataLoader.load(Lorg/springframework/boot/context/config/ConfigDataLoaderContext;Lorg/springframework/boot/context/config/ConfigDataResource;)Lorg/springframework/boot/context/config/ConfigData;+6
j  org.springframework.boot.context.config.ConfigDataLoaders.load(Lorg/springframework/boot/context/config/ConfigDataLoaderContext;Lorg/springframework/boot/context/config/ConfigDataResource;)Lorg/springframework/boot/context/config/ConfigData;+29
j  org.springframework.boot.context.config.ConfigDataImporter.load(Lorg/springframework/boot/context/config/ConfigDataLoaderContext;Ljava/util/List;)Ljava/util/Map;+142
j  org.springframework.boot.context.config.ConfigDataImporter.resolveAndLoad(Lorg/springframework/boot/context/config/ConfigDataActivationContext;Lorg/springframework/boot/context/config/ConfigDataLocationResolverContext;Lorg/springframework/boot/context/config/ConfigDataLoaderContext;Ljava/util/List;)Ljava/util/Map;+29
j  org.springframework.boot.context.config.ConfigDataEnvironmentContributors.withProcessedImports(Lorg/springframework/boot/context/config/ConfigDataImporter;Lorg/springframework/boot/context/config/ConfigDataActivationContext;)Lorg/springframework/boot/context/config/ConfigDataEnvironmentContributors;+189
j  org.springframework.boot.context.config.ConfigDataEnvironment.processInitial(Lorg/springframework/boot/context/config/ConfigDataEnvironmentContributors;Lorg/springframework/boot/context/config/ConfigDataImporter;)Lorg/springframework/boot/context/config/ConfigDataEnvironmentContributors;+15
j  org.springframework.boot.context.config.ConfigDataEnvironment.processAndApply()V+42
j  org.springframework.boot.context.config.ConfigDataEnvironmentPostProcessor.postProcessEnvironment(Lorg/springframework/core/env/ConfigurableEnvironment;Lorg/springframework/core/io/ResourceLoader;Ljava/util/Collection;)V+34
j  org.springframework.boot.context.config.ConfigDataEnvironmentPostProcessor.postProcessEnvironment(Lorg/springframework/core/env/ConfigurableEnvironment;Lorg/springframework/boot/SpringApplication;)V+10
j  org.springframework.boot.env.EnvironmentPostProcessorApplicationListener.onApplicationEnvironmentPreparedEvent(Lorg/springframework/boot/context/event/ApplicationEnvironmentPreparedEvent;)V+66
j  org.springframework.boot.env.EnvironmentPostProcessorApplicationListener.onApplicationEvent(Lorg/springframework/context/ApplicationEvent;)V+14
j  org.springframework.context.event.SimpleApplicationEventMulticaster.doInvokeListener(Lorg/springframework/context/ApplicationListener;Lorg/springframework/context/ApplicationEvent;)V+2
j  org.springframework.context.event.SimpleApplicationEventMulticaster.invokeListener(Lorg/springframework/context/ApplicationListener;Lorg/springframework/context/ApplicationEvent;)V+34
j  org.springframework.context.event.SimpleApplicationEventMulticaster.multicastEvent(Lorg/springframework/context/ApplicationEvent;Lorg/springframework/core/ResolvableType;)V+104
j  org.springframework.context.event.SimpleApplicationEventMulticaster.multicastEvent(Lorg/springframework/context/ApplicationEvent;)V+3
j  org.springframework.boot.context.event.EventPublishingRunListener.multicastInitialEvent(Lorg/springframework/context/ApplicationEvent;)V+9
j  org.springframework.boot.context.event.EventPublishingRunListener.environmentPrepared(Lorg/springframework/boot/ConfigurableBootstrapContext;Lorg/springframework/core/env/ConfigurableEnvironment;)V+18
j  org.springframework.boot.SpringApplicationRunListeners.lambda$environmentPrepared$2(Lorg/springframework/boot/ConfigurableBootstrapContext;Lorg/springframework/core/env/ConfigurableEnvironment;Lorg/springframework/boot/SpringApplicationRunListener;)V+3
j  org.springframework.boot.SpringApplicationRunListeners$$Lambda$177+0x0000000800d324b0.accept(Ljava/lang/Object;)V+12
j  java.lang.Iterable.forEach(Ljava/util/function/Consumer;)V+30 java.base@17.0.5
j  org.springframework.boot.SpringApplicationRunListeners.doWithListeners(Ljava/lang/String;Ljava/util/function/Consumer;Ljava/util/function/Consumer;)V+17
j  org.springframework.boot.SpringApplicationRunListeners.doWithListeners(Ljava/lang/String;Ljava/util/function/Consumer;)V+4
j  org.springframework.boot.SpringApplicationRunListeners.environmentPrepared(Lorg/springframework/boot/ConfigurableBootstrapContext;Lorg/springframework/core/env/ConfigurableEnvironment;)V+10
j  org.springframework.boot.SpringApplication.prepareEnvironment(Lorg/springframework/boot/SpringApplicationRunListeners;Lorg/springframework/boot/DefaultBootstrapContext;Lorg/springframework/boot/ApplicationArguments;)Lorg/springframework/core/env/ConfigurableEnvironment;+27
j  org.springframework.boot.SpringApplication.run([Ljava/lang/String;)Lorg/springframework/context/ConfigurableApplicationContext;+65
j  org.springframework.boot.SpringApplication.run([Ljava/lang/Class;[Ljava/lang/String;)Lorg/springframework/context/ConfigurableApplicationContext;+9
j  org.springframework.boot.SpringApplication.run(Ljava/lang/Class;[Ljava/lang/String;)Lorg/springframework/context/ConfigurableApplicationContext;+9
j  org.txf.demo1.Demo1Application.main([Ljava/lang/String;)V+3
v  ~StubRoutines::call_stub

---------------  P R O C E S S  ---------------

Threads class SMR info:
_java_thread_list=0x00000204ad7e5fe0, length=18, elements={
0x000002049357e870, 0x00000204ac53a6b0, 0x00000204ac53b870, 0x00000204ac552c10,
0x00000204ac5555d0, 0x00000204ac555f80, 0x00000204ac558940, 0x00000204ac55b7b0,
0x00000204ac55e960, 0x00000204abdb4be0, 0x00000204abdb50b0, 0x00000204ac644b40,
0x00000204ad511c60, 0x00000204ad512530, 0x00000204ad74d560, 0x00000204ad645c60,
0x00000204ad7d4be0, 0x00000204ad7f8790
}

Java Threads: ( => current thread )
=>0x000002049357e870 JavaThread "main" [_thread_in_vm, id=13468, stack(0x000000a2a5200000,0x000000a2a5300000)]
  0x00000204ac53a6b0 JavaThread "Reference Handler" daemon [_thread_blocked, id=13908, stack(0x000000a2a5900000,0x000000a2a5a00000)]
  0x00000204ac53b870 JavaThread "Finalizer" daemon [_thread_blocked, id=6436, stack(0x000000a2a5a00000,0x000000a2a5b00000)]
  0x00000204ac552c10 JavaThread "Signal Dispatcher" daemon [_thread_blocked, id=27720, stack(0x000000a2a5b00000,0x000000a2a5c00000)]
  0x00000204ac5555d0 JavaThread "Attach Listener" daemon [_thread_blocked, id=27320, stack(0x000000a2a5c00000,0x000000a2a5d00000)]
  0x00000204ac555f80 JavaThread "Service Thread" daemon [_thread_blocked, id=12368, stack(0x000000a2a5d00000,0x000000a2a5e00000)]
  0x00000204ac558940 JavaThread "Monitor Deflation Thread" daemon [_thread_blocked, id=25752, stack(0x000000a2a5e00000,0x000000a2a5f00000)]
  0x00000204ac55b7b0 JavaThread "C1 CompilerThread0" daemon [_thread_blocked, id=1644, stack(0x000000a2a5f00000,0x000000a2a6000000)]
  0x00000204ac55e960 JavaThread "Sweeper thread" daemon [_thread_blocked, id=21724, stack(0x000000a2a6000000,0x000000a2a6100000)]
  0x00000204abdb4be0 JavaThread "Common-Cleaner" daemon [_thread_blocked, id=2652, stack(0x000000a2a6100000,0x000000a2a6200000)]
  0x00000204abdb50b0 JavaThread "C1 CompilerThread1" daemon [_thread_blocked, id=16088, stack(0x000000a2a6200000,0x000000a2a6300000)]
  0x00000204ac644b40 JavaThread "C1 CompilerThread2" daemon [_thread_blocked, id=27584, stack(0x000000a2a6300000,0x000000a2a6400000)]
  0x00000204ad511c60 JavaThread "Monitor Ctrl-Break" daemon [_thread_in_native, id=12252, stack(0x000000a2a6400000,0x000000a2a6500000)]
  0x00000204ad512530 JavaThread "Notification Thread" daemon [_thread_blocked, id=15860, stack(0x000000a2a6500000,0x000000a2a6600000)]
  0x00000204ad74d560 JavaThread "RMI TCP Accept-0" daemon [_thread_in_native, id=20072, stack(0x000000a2a6600000,0x000000a2a6700000)]
  0x00000204ad645c60 JavaThread "RMI TCP Connection(1)-172.20.165.77" daemon [_thread_in_native, id=20508, stack(0x000000a2a6700000,0x000000a2a6800000)]
  0x00000204ad7d4be0 JavaThread "RMI Scheduler(0)" daemon [_thread_blocked, id=28056, stack(0x000000a2a6900000,0x000000a2a6a00000)]
  0x00000204ad7f8790 JavaThread "JMX server connection timeout 20" daemon [_thread_blocked, id=2496, stack(0x000000a2a6a00000,0x000000a2a6b00000)]

Other Threads:
  0x00000204ac534350 VMThread "VM Thread" [stack: 0x000000a2a5800000,0x000000a2a5900000] [id=25616]
  0x00000204956cd1f0 WatcherThread [stack: 0x000000a2a6800000,0x000000a2a6900000] [id=12876]
  0x0000020495737ba0 GCTaskThread "GC Thread#0" [stack: 0x000000a2a5300000,0x000000a2a5400000] [id=6084]
  0x00000204adb54770 GCTaskThread "GC Thread#1" [stack: 0x000000a2a6b00000,0x000000a2a6c00000] [id=23388]
  0x00000204adbc6c60 GCTaskThread "GC Thread#2" [stack: 0x000000a2a6c00000,0x000000a2a6d00000] [id=8156]
  0x00000204adbb8e70 GCTaskThread "GC Thread#3" [stack: 0x000000a2a6d00000,0x000000a2a6e00000] [id=5336]
  0x00000204adbb9530 GCTaskThread "GC Thread#4" [stack: 0x000000a2a6e00000,0x000000a2a6f00000] [id=11564]
  0x00000204adbb9bf0 GCTaskThread "GC Thread#5" [stack: 0x000000a2a6f00000,0x000000a2a7000000] [id=26524]
  0x00000204adb80fe0 GCTaskThread "GC Thread#6" [stack: 0x000000a2a7000000,0x000000a2a7100000] [id=18612]
  0x00000204adb7a940 GCTaskThread "GC Thread#7" [stack: 0x000000a2a7100000,0x000000a2a7200000] [id=28212]
  0x00000204adbe0c00 GCTaskThread "GC Thread#8" [stack: 0x000000a2a7200000,0x000000a2a7300000] [id=18260]
  0x00000204957486a0 ConcurrentGCThread "G1 Main Marker" [stack: 0x000000a2a5400000,0x000000a2a5500000] [id=27728]
  0x0000020495749850 ConcurrentGCThread "G1 Conc#0" [stack: 0x000000a2a5500000,0x000000a2a5600000] [id=2228]
  0x0000020495782840 ConcurrentGCThread "G1 Refine#0" [stack: 0x000000a2a5600000,0x000000a2a5700000] [id=20388]
  0x00000204abc876d0 ConcurrentGCThread "G1 Service" [stack: 0x000000a2a5700000,0x000000a2a5800000] [id=16308]

Threads with active compile tasks:

VM state: not at safepoint (normal execution)

VM Mutex/Monitor currently owned by a thread:  ([mutex/lock_event])
[0x00000204956c6a90] Metaspace_lock - owner thread: 0x000002049357e870

Heap address: 0x0000000704400000, size: 4028 MB, Compressed Oops mode: Zero based, Oop shift amount: 3

CDS archive(s) mapped at: [0x0000000800000000-0x0000000800bd0000-0x0000000800bd0000), size 12386304, SharedBaseAddress: 0x0000000800000000, ArchiveRelocationMode: 0.
Compressed class space mapped at: 0x0000000800c00000-0x0000000840c00000, reserved size: 1073741824
Narrow klass base: 0x0000000800000000, Narrow klass shift: 0, Narrow klass range: 0x100000000

GC Precious Log:
 CPUs: 12 total, 12 available
 Memory: 16110M
 Large Page Support: Disabled
 NUMA Support: Disabled
 Compressed Oops: Enabled (Zero based)
 Heap Region Size: 2M
 Heap Min Capacity: 8M
 Heap Initial Capacity: 252M
 Heap Max Capacity: 4028M
 Pre-touch: Disabled
 Parallel Workers: 10
 Concurrent Workers: 3
 Concurrent Refinement Workers: 10
 Periodic GC: Disabled

Heap:
 garbage-first heap   total 258048K, used 18499K [0x0000000704400000, 0x0000000800000000)
  region size 2048K, 9 young (18432K), 2 survivors (4096K)
 Metaspace       used 10374K, committed 10560K, reserved 1064960K
  class space    used 1389K, committed 1472K, reserved 1048576K

Heap Regions: E=young(eden), S=young(survivor), O=old, HS=humongous(starts), HC=humongous(continues), CS=collection set, F=free, OA=open archive, CA=closed archive, TAMS=top-at-mark-start (previous, next)
|   0|0x0000000704400000, 0x0000000704600000, 0x0000000704600000|100%| O|  |TAMS 0x0000000704400000, 0x0000000704400000| Untracked 
|   1|0x0000000704600000, 0x0000000704610c00, 0x0000000704800000|  3%| O|  |TAMS 0x0000000704600000, 0x0000000704600000| Untracked 
|   2|0x0000000704800000, 0x0000000704800000, 0x0000000704a00000|  0%| F|  |TAMS 0x0000000704800000, 0x0000000704800000| Untracked 
|   3|0x0000000704a00000, 0x0000000704a00000, 0x0000000704c00000|  0%| F|  |TAMS 0x0000000704a00000, 0x0000000704a00000| Untracked 
|   4|0x0000000704c00000, 0x0000000704c00000, 0x0000000704e00000|  0%| F|  |TAMS 0x0000000704c00000, 0x0000000704c00000| Untracked 
|   5|0x0000000704e00000, 0x0000000704e00000, 0x0000000705000000|  0%| F|  |TAMS 0x0000000704e00000, 0x0000000704e00000| Untracked 
|   6|0x0000000705000000, 0x0000000705000000, 0x0000000705200000|  0%| F|  |TAMS 0x0000000705000000, 0x0000000705000000| Untracked 
|   7|0x0000000705200000, 0x0000000705200000, 0x0000000705400000|  0%| F|  |TAMS 0x0000000705200000, 0x0000000705200000| Untracked 
|   8|0x0000000705400000, 0x0000000705400000, 0x0000000705600000|  0%| F|  |TAMS 0x0000000705400000, 0x0000000705400000| Untracked 
|   9|0x0000000705600000, 0x0000000705600000, 0x0000000705800000|  0%| F|  |TAMS 0x0000000705600000, 0x0000000705600000| Untracked 
|  10|0x0000000705800000, 0x0000000705800000, 0x0000000705a00000|  0%| F|  |TAMS 0x0000000705800000, 0x0000000705800000| Untracked 
|  11|0x0000000705a00000, 0x0000000705a00000, 0x0000000705c00000|  0%| F|  |TAMS 0x0000000705a00000, 0x0000000705a00000| Untracked 
|  12|0x0000000705c00000, 0x0000000705c00000, 0x0000000705e00000|  0%| F|  |TAMS 0x0000000705c00000, 0x0000000705c00000| Untracked 
|  13|0x0000000705e00000, 0x0000000705e00000, 0x0000000706000000|  0%| F|  |TAMS 0x0000000705e00000, 0x0000000705e00000| Untracked 
|  14|0x0000000706000000, 0x0000000706000000, 0x0000000706200000|  0%| F|  |TAMS 0x0000000706000000, 0x0000000706000000| Untracked 
|  15|0x0000000706200000, 0x0000000706200000, 0x0000000706400000|  0%| F|  |TAMS 0x0000000706200000, 0x0000000706200000| Untracked 
|  16|0x0000000706400000, 0x0000000706400000, 0x0000000706600000|  0%| F|  |TAMS 0x0000000706400000, 0x0000000706400000| Untracked 
|  17|0x0000000706600000, 0x0000000706600000, 0x0000000706800000|  0%| F|  |TAMS 0x0000000706600000, 0x0000000706600000| Untracked 
|  18|0x0000000706800000, 0x0000000706800000, 0x0000000706a00000|  0%| F|  |TAMS 0x0000000706800000, 0x0000000706800000| Untracked 
|  19|0x0000000706a00000, 0x0000000706a00000, 0x0000000706c00000|  0%| F|  |TAMS 0x0000000706a00000, 0x0000000706a00000| Untracked 
|  20|0x0000000706c00000, 0x0000000706c00000, 0x0000000706e00000|  0%| F|  |TAMS 0x0000000706c00000, 0x0000000706c00000| Untracked 
|  21|0x0000000706e00000, 0x0000000706e00000, 0x0000000707000000|  0%| F|  |TAMS 0x0000000706e00000, 0x0000000706e00000| Untracked 
|  22|0x0000000707000000, 0x0000000707000000, 0x0000000707200000|  0%| F|  |TAMS 0x0000000707000000, 0x0000000707000000| Untracked 
|  23|0x0000000707200000, 0x0000000707200000, 0x0000000707400000|  0%| F|  |TAMS 0x0000000707200000, 0x0000000707200000| Untracked 
|  24|0x0000000707400000, 0x0000000707400000, 0x0000000707600000|  0%| F|  |TAMS 0x0000000707400000, 0x0000000707400000| Untracked 
|  25|0x0000000707600000, 0x0000000707600000, 0x0000000707800000|  0%| F|  |TAMS 0x0000000707600000, 0x0000000707600000| Untracked 
|  26|0x0000000707800000, 0x0000000707800000, 0x0000000707a00000|  0%| F|  |TAMS 0x0000000707800000, 0x0000000707800000| Untracked 
|  27|0x0000000707a00000, 0x0000000707a00000, 0x0000000707c00000|  0%| F|  |TAMS 0x0000000707a00000, 0x0000000707a00000| Untracked 
|  28|0x0000000707c00000, 0x0000000707c00000, 0x0000000707e00000|  0%| F|  |TAMS 0x0000000707c00000, 0x0000000707c00000| Untracked 
|  29|0x0000000707e00000, 0x0000000707e00000, 0x0000000708000000|  0%| F|  |TAMS 0x0000000707e00000, 0x0000000707e00000| Untracked 
|  30|0x0000000708000000, 0x0000000708000000, 0x0000000708200000|  0%| F|  |TAMS 0x0000000708000000, 0x0000000708000000| Untracked 
|  31|0x0000000708200000, 0x0000000708200000, 0x0000000708400000|  0%| F|  |TAMS 0x0000000708200000, 0x0000000708200000| Untracked 
|  32|0x0000000708400000, 0x0000000708400000, 0x0000000708600000|  0%| F|  |TAMS 0x0000000708400000, 0x0000000708400000| Untracked 
|  33|0x0000000708600000, 0x0000000708600000, 0x0000000708800000|  0%| F|  |TAMS 0x0000000708600000, 0x0000000708600000| Untracked 
|  34|0x0000000708800000, 0x0000000708800000, 0x0000000708a00000|  0%| F|  |TAMS 0x0000000708800000, 0x0000000708800000| Untracked 
|  35|0x0000000708a00000, 0x0000000708a00000, 0x0000000708c00000|  0%| F|  |TAMS 0x0000000708a00000, 0x0000000708a00000| Untracked 
|  36|0x0000000708c00000, 0x0000000708c00000, 0x0000000708e00000|  0%| F|  |TAMS 0x0000000708c00000, 0x0000000708c00000| Untracked 
|  37|0x0000000708e00000, 0x0000000708e00000, 0x0000000709000000|  0%| F|  |TAMS 0x0000000708e00000, 0x0000000708e00000| Untracked 
|  38|0x0000000709000000, 0x0000000709000000, 0x0000000709200000|  0%| F|  |TAMS 0x0000000709000000, 0x0000000709000000| Untracked 
|  39|0x0000000709200000, 0x0000000709200000, 0x0000000709400000|  0%| F|  |TAMS 0x0000000709200000, 0x0000000709200000| Untracked 
|  40|0x0000000709400000, 0x0000000709400000, 0x0000000709600000|  0%| F|  |TAMS 0x0000000709400000, 0x0000000709400000| Untracked 
|  41|0x0000000709600000, 0x0000000709600000, 0x0000000709800000|  0%| F|  |TAMS 0x0000000709600000, 0x0000000709600000| Untracked 
|  42|0x0000000709800000, 0x0000000709800000, 0x0000000709a00000|  0%| F|  |TAMS 0x0000000709800000, 0x0000000709800000| Untracked 
|  43|0x0000000709a00000, 0x0000000709a00000, 0x0000000709c00000|  0%| F|  |TAMS 0x0000000709a00000, 0x0000000709a00000| Untracked 
|  44|0x0000000709c00000, 0x0000000709c00000, 0x0000000709e00000|  0%| F|  |TAMS 0x0000000709c00000, 0x0000000709c00000| Untracked 
|  45|0x0000000709e00000, 0x0000000709e00000, 0x000000070a000000|  0%| F|  |TAMS 0x0000000709e00000, 0x0000000709e00000| Untracked 
|  46|0x000000070a000000, 0x000000070a000000, 0x000000070a200000|  0%| F|  |TAMS 0x000000070a000000, 0x000000070a000000| Untracked 
|  47|0x000000070a200000, 0x000000070a200000, 0x000000070a400000|  0%| F|  |TAMS 0x000000070a200000, 0x000000070a200000| Untracked 
|  48|0x000000070a400000, 0x000000070a400000, 0x000000070a600000|  0%| F|  |TAMS 0x000000070a400000, 0x000000070a400000| Untracked 
|  49|0x000000070a600000, 0x000000070a600000, 0x000000070a800000|  0%| F|  |TAMS 0x000000070a600000, 0x000000070a600000| Untracked 
|  50|0x000000070a800000, 0x000000070a800000, 0x000000070aa00000|  0%| F|  |TAMS 0x000000070a800000, 0x000000070a800000| Untracked 
|  51|0x000000070aa00000, 0x000000070aa00000, 0x000000070ac00000|  0%| F|  |TAMS 0x000000070aa00000, 0x000000070aa00000| Untracked 
|  52|0x000000070ac00000, 0x000000070ac00000, 0x000000070ae00000|  0%| F|  |TAMS 0x000000070ac00000, 0x000000070ac00000| Untracked 
|  53|0x000000070ae00000, 0x000000070ae00000, 0x000000070b000000|  0%| F|  |TAMS 0x000000070ae00000, 0x000000070ae00000| Untracked 
|  54|0x000000070b000000, 0x000000070b000000, 0x000000070b200000|  0%| F|  |TAMS 0x000000070b000000, 0x000000070b000000| Untracked 
|  55|0x000000070b200000, 0x000000070b200000, 0x000000070b400000|  0%| F|  |TAMS 0x000000070b200000, 0x000000070b200000| Untracked 
|  56|0x000000070b400000, 0x000000070b400000, 0x000000070b600000|  0%| F|  |TAMS 0x000000070b400000, 0x000000070b400000| Untracked 
|  57|0x000000070b600000, 0x000000070b600000, 0x000000070b800000|  0%| F|  |TAMS 0x000000070b600000, 0x000000070b600000| Untracked 
|  58|0x000000070b800000, 0x000000070b800000, 0x000000070ba00000|  0%| F|  |TAMS 0x000000070b800000, 0x000000070b800000| Untracked 
|  59|0x000000070ba00000, 0x000000070ba00000, 0x000000070bc00000|  0%| F|  |TAMS 0x000000070ba00000, 0x000000070ba00000| Untracked 
|  60|0x000000070bc00000, 0x000000070bc00000, 0x000000070be00000|  0%| F|  |TAMS 0x000000070bc00000, 0x000000070bc00000| Untracked 
|  61|0x000000070be00000, 0x000000070be00000, 0x000000070c000000|  0%| F|  |TAMS 0x000000070be00000, 0x000000070be00000| Untracked 
|  62|0x000000070c000000, 0x000000070c000000, 0x000000070c200000|  0%| F|  |TAMS 0x000000070c000000, 0x000000070c000000| Untracked 
|  63|0x000000070c200000, 0x000000070c200000, 0x000000070c400000|  0%| F|  |TAMS 0x000000070c200000, 0x000000070c200000| Untracked 
|  64|0x000000070c400000, 0x000000070c400000, 0x000000070c600000|  0%| F|  |TAMS 0x000000070c400000, 0x000000070c400000| Untracked 
|  65|0x000000070c600000, 0x000000070c600000, 0x000000070c800000|  0%| F|  |TAMS 0x000000070c600000, 0x000000070c600000| Untracked 
|  66|0x000000070c800000, 0x000000070c800000, 0x000000070ca00000|  0%| F|  |TAMS 0x000000070c800000, 0x000000070c800000| Untracked 
|  67|0x000000070ca00000, 0x000000070ca00000, 0x000000070cc00000|  0%| F|  |TAMS 0x000000070ca00000, 0x000000070ca00000| Untracked 
|  68|0x000000070cc00000, 0x000000070cc00000, 0x000000070ce00000|  0%| F|  |TAMS 0x000000070cc00000, 0x000000070cc00000| Untracked 
|  69|0x000000070ce00000, 0x000000070ce00000, 0x000000070d000000|  0%| F|  |TAMS 0x000000070ce00000, 0x000000070ce00000| Untracked 
|  70|0x000000070d000000, 0x000000070d000000, 0x000000070d200000|  0%| F|  |TAMS 0x000000070d000000, 0x000000070d000000| Untracked 
|  71|0x000000070d200000, 0x000000070d200000, 0x000000070d400000|  0%| F|  |TAMS 0x000000070d200000, 0x000000070d200000| Untracked 
|  72|0x000000070d400000, 0x000000070d400000, 0x000000070d600000|  0%| F|  |TAMS 0x000000070d400000, 0x000000070d400000| Untracked 
|  73|0x000000070d600000, 0x000000070d600000, 0x000000070d800000|  0%| F|  |TAMS 0x000000070d600000, 0x000000070d600000| Untracked 
|  74|0x000000070d800000, 0x000000070d800000, 0x000000070da00000|  0%| F|  |TAMS 0x000000070d800000, 0x000000070d800000| Untracked 
|  75|0x000000070da00000, 0x000000070da00000, 0x000000070dc00000|  0%| F|  |TAMS 0x000000070da00000, 0x000000070da00000| Untracked 
|  76|0x000000070dc00000, 0x000000070dc00000, 0x000000070de00000|  0%| F|  |TAMS 0x000000070dc00000, 0x000000070dc00000| Untracked 
|  77|0x000000070de00000, 0x000000070de00000, 0x000000070e000000|  0%| F|  |TAMS 0x000000070de00000, 0x000000070de00000| Untracked 
|  78|0x000000070e000000, 0x000000070e000000, 0x000000070e200000|  0%| F|  |TAMS 0x000000070e000000, 0x000000070e000000| Untracked 
|  79|0x000000070e200000, 0x000000070e200000, 0x000000070e400000|  0%| F|  |TAMS 0x000000070e200000, 0x000000070e200000| Untracked 
|  80|0x000000070e400000, 0x000000070e400000, 0x000000070e600000|  0%| F|  |TAMS 0x000000070e400000, 0x000000070e400000| Untracked 
|  81|0x000000070e600000, 0x000000070e600000, 0x000000070e800000|  0%| F|  |TAMS 0x000000070e600000, 0x000000070e600000| Untracked 
|  82|0x000000070e800000, 0x000000070e800000, 0x000000070ea00000|  0%| F|  |TAMS 0x000000070e800000, 0x000000070e800000| Untracked 
|  83|0x000000070ea00000, 0x000000070ea00000, 0x000000070ec00000|  0%| F|  |TAMS 0x000000070ea00000, 0x000000070ea00000| Untracked 
|  84|0x000000070ec00000, 0x000000070ec00000, 0x000000070ee00000|  0%| F|  |TAMS 0x000000070ec00000, 0x000000070ec00000| Untracked 
|  85|0x000000070ee00000, 0x000000070ee00000, 0x000000070f000000|  0%| F|  |TAMS 0x000000070ee00000, 0x000000070ee00000| Untracked 
|  86|0x000000070f000000, 0x000000070f000000, 0x000000070f200000|  0%| F|  |TAMS 0x000000070f000000, 0x000000070f000000| Untracked 
|  87|0x000000070f200000, 0x000000070f200000, 0x000000070f400000|  0%| F|  |TAMS 0x000000070f200000, 0x000000070f200000| Untracked 
|  88|0x000000070f400000, 0x000000070f400000, 0x000000070f600000|  0%| F|  |TAMS 0x000000070f400000, 0x000000070f400000| Untracked 
|  89|0x000000070f600000, 0x000000070f600000, 0x000000070f800000|  0%| F|  |TAMS 0x000000070f600000, 0x000000070f600000| Untracked 
|  90|0x000000070f800000, 0x000000070f800000, 0x000000070fa00000|  0%| F|  |TAMS 0x000000070f800000, 0x000000070f800000| Untracked 
|  91|0x000000070fa00000, 0x000000070fa00000, 0x000000070fc00000|  0%| F|  |TAMS 0x000000070fa00000, 0x000000070fa00000| Untracked 
|  92|0x000000070fc00000, 0x000000070fc00000, 0x000000070fe00000|  0%| F|  |TAMS 0x000000070fc00000, 0x000000070fc00000| Untracked 
|  93|0x000000070fe00000, 0x000000070fe00000, 0x0000000710000000|  0%| F|  |TAMS 0x000000070fe00000, 0x000000070fe00000| Untracked 
|  94|0x0000000710000000, 0x0000000710000000, 0x0000000710200000|  0%| F|  |TAMS 0x0000000710000000, 0x0000000710000000| Untracked 
|  95|0x0000000710200000, 0x0000000710200000, 0x0000000710400000|  0%| F|  |TAMS 0x0000000710200000, 0x0000000710200000| Untracked 
|  96|0x0000000710400000, 0x0000000710400000, 0x0000000710600000|  0%| F|  |TAMS 0x0000000710400000, 0x0000000710400000| Untracked 
|  97|0x0000000710600000, 0x0000000710600000, 0x0000000710800000|  0%| F|  |TAMS 0x0000000710600000, 0x0000000710600000| Untracked 
|  98|0x0000000710800000, 0x0000000710800000, 0x0000000710a00000|  0%| F|  |TAMS 0x0000000710800000, 0x0000000710800000| Untracked 
|  99|0x0000000710a00000, 0x0000000710a00000, 0x0000000710c00000|  0%| F|  |TAMS 0x0000000710a00000, 0x0000000710a00000| Untracked 
| 100|0x0000000710c00000, 0x0000000710c00000, 0x0000000710e00000|  0%| F|  |TAMS 0x0000000710c00000, 0x0000000710c00000| Untracked 
| 101|0x0000000710e00000, 0x0000000710e00000, 0x0000000711000000|  0%| F|  |TAMS 0x0000000710e00000, 0x0000000710e00000| Untracked 
| 102|0x0000000711000000, 0x0000000711000000, 0x0000000711200000|  0%| F|  |TAMS 0x0000000711000000, 0x0000000711000000| Untracked 
| 103|0x0000000711200000, 0x0000000711200000, 0x0000000711400000|  0%| F|  |TAMS 0x0000000711200000, 0x0000000711200000| Untracked 
| 104|0x0000000711400000, 0x0000000711400000, 0x0000000711600000|  0%| F|  |TAMS 0x0000000711400000, 0x0000000711400000| Untracked 
| 105|0x0000000711600000, 0x0000000711600000, 0x0000000711800000|  0%| F|  |TAMS 0x0000000711600000, 0x0000000711600000| Untracked 
| 106|0x0000000711800000, 0x0000000711800000, 0x0000000711a00000|  0%| F|  |TAMS 0x0000000711800000, 0x0000000711800000| Untracked 
| 107|0x0000000711a00000, 0x0000000711a00000, 0x0000000711c00000|  0%| F|  |TAMS 0x0000000711a00000, 0x0000000711a00000| Untracked 
| 108|0x0000000711c00000, 0x0000000711c00000, 0x0000000711e00000|  0%| F|  |TAMS 0x0000000711c00000, 0x0000000711c00000| Untracked 
| 109|0x0000000711e00000, 0x0000000711e00000, 0x0000000712000000|  0%| F|  |TAMS 0x0000000711e00000, 0x0000000711e00000| Untracked 
| 110|0x0000000712000000, 0x0000000712000000, 0x0000000712200000|  0%| F|  |TAMS 0x0000000712000000, 0x0000000712000000| Untracked 
| 111|0x0000000712200000, 0x0000000712200000, 0x0000000712400000|  0%| F|  |TAMS 0x0000000712200000, 0x0000000712200000| Untracked 
| 112|0x0000000712400000, 0x0000000712400000, 0x0000000712600000|  0%| F|  |TAMS 0x0000000712400000, 0x0000000712400000| Untracked 
| 113|0x0000000712600000, 0x0000000712800000, 0x0000000712800000|100%| S|CS|TAMS 0x0000000712600000, 0x0000000712600000| Complete 
| 114|0x0000000712800000, 0x0000000712a00000, 0x0000000712a00000|100%| S|CS|TAMS 0x0000000712800000, 0x0000000712800000| Complete 
| 115|0x0000000712a00000, 0x0000000712a00000, 0x0000000712c00000|  0%| F|  |TAMS 0x0000000712a00000, 0x0000000712a00000| Untracked 
| 116|0x0000000712c00000, 0x0000000712c00000, 0x0000000712e00000|  0%| F|  |TAMS 0x0000000712c00000, 0x0000000712c00000| Untracked 
| 117|0x0000000712e00000, 0x0000000712e00000, 0x0000000713000000|  0%| F|  |TAMS 0x0000000712e00000, 0x0000000712e00000| Untracked 
| 118|0x0000000713000000, 0x0000000713000000, 0x0000000713200000|  0%| F|  |TAMS 0x0000000713000000, 0x0000000713000000| Untracked 
| 119|0x0000000713200000, 0x00000007133add38, 0x0000000713400000| 83%| E|  |TAMS 0x0000000713200000, 0x0000000713200000| Complete 
| 120|0x0000000713400000, 0x0000000713600000, 0x0000000713600000|100%| E|CS|TAMS 0x0000000713400000, 0x0000000713400000| Complete 
| 121|0x0000000713600000, 0x0000000713800000, 0x0000000713800000|100%| E|CS|TAMS 0x0000000713600000, 0x0000000713600000| Complete 
| 122|0x0000000713800000, 0x0000000713a00000, 0x0000000713a00000|100%| E|CS|TAMS 0x0000000713800000, 0x0000000713800000| Complete 
| 123|0x0000000713a00000, 0x0000000713c00000, 0x0000000713c00000|100%| E|CS|TAMS 0x0000000713a00000, 0x0000000713a00000| Complete 
| 124|0x0000000713c00000, 0x0000000713e00000, 0x0000000713e00000|100%| E|CS|TAMS 0x0000000713c00000, 0x0000000713c00000| Complete 
| 125|0x0000000713e00000, 0x0000000714000000, 0x0000000714000000|100%| E|CS|TAMS 0x0000000713e00000, 0x0000000713e00000| Complete 

Card table byte_map: [0x00000204a0a50000,0x00000204a1230000] _byte_map_base: 0x000002049d22e000

Marking Bits (Prev, Next): (CMBitMap*) 0x00000204957381b0, (CMBitMap*) 0x00000204957381f0
 Prev Bits: [0x00000204a1a10000, 0x00000204a5900000)
 Next Bits: [0x00000204a5900000, 0x00000204a97f0000)

Polling page: 0x0000020494e90000

Metaspace:

Usage:
  Non-class:      8.77 MB used.
      Class:      1.36 MB used.
       Both:     10.13 MB used.

Virtual space:
  Non-class space:       16.00 MB reserved,       8.88 MB ( 55%) committed,  2 nodes.
      Class space:        1.00 GB reserved,       1.44 MB ( <1%) committed,  1 nodes.
             Both:        1.02 GB reserved,      10.31 MB ( <1%) committed. 

Chunk freelists:
   Non-Class:  2.17 MB
       Class:  2.56 MB
        Both:  4.73 MB

MaxMetaspaceSize: unlimited
CompressedClassSpaceSize: 1.00 GB
Initial GC threshold: 21.00 MB
Current GC threshold: 21.00 MB
CDS: on
MetaspaceReclaimPolicy: balanced
 - commit_granule_bytes: 65536.
 - commit_granule_words: 8192.
 - virtual_space_node_default_size: 1048576.
 - enlarge_chunks_in_place: 1.
 - new_chunks_are_fully_committed: 0.
 - uncommit_free_chunks: 1.
 - use_allocation_guard: 0.
 - handle_deallocations: 1.


Internal statistics:

num_allocs_failed_limit: 0.
num_arena_births: 264.
num_arena_deaths: 0.
num_vsnodes_births: 3.
num_vsnodes_deaths: 0.
num_space_committed: 165.
num_space_uncommitted: 0.
num_chunks_returned_to_freelist: 0.
num_chunks_taken_from_freelist: 536.
num_chunk_merges: 0.
num_chunk_splits: 321.
num_chunks_enlarged: 206.
num_purges: 0.
num_inconsistent_stats: 0.

CodeCache: size=49152Kb used=4645Kb max_used=4645Kb free=44506Kb
 bounds [0x000002049cf30000, 0x000002049d3c0000, 0x000002049ff30000]
 total_blobs=2086 nmethods=1621 adapters=390
 compilation: enabled
              stopped_count=0, restarted_count=0
 full_count=0

Compilation events (20 events):
Event: 0.880 Thread 0x00000204ac55b7b0 nmethod 1610 0x000002049d3b5210 code [0x000002049d3b53a0, 0x000002049d3b5498]
Event: 0.880 Thread 0x00000204ac644b40 nmethod 1612 0x000002049d3b5510 code [0x000002049d3b56c0, 0x000002049d3b57b8]
Event: 0.880 Thread 0x00000204ac644b40 1613       1       jdk.internal.loader.BuiltinClassLoader::hasClassPath (13 bytes)
Event: 0.880 Thread 0x00000204ac644b40 nmethod 1613 0x000002049d3b5890 code [0x000002049d3b5a20, 0x000002049d3b5af8]
Event: 0.885 Thread 0x00000204ac644b40 1614       1       jdk.internal.org.objectweb.asm.FieldWriter::visitEnd (1 bytes)
Event: 0.885 Thread 0x00000204ac644b40 nmethod 1614 0x000002049d3b5b90 code [0x000002049d3b5d20, 0x000002049d3b5dd8]
Event: 0.888 Thread 0x00000204ac644b40 1615       1       java.lang.Character::isSurrogate (18 bytes)
Event: 0.888 Thread 0x00000204abdb50b0 1616       1       java.util.regex.Pattern::isSupplementary (21 bytes)
Event: 0.888 Thread 0x00000204ac55b7b0 1617       1       java.util.regex.Pattern::peek (26 bytes)
Event: 0.888 Thread 0x00000204ac644b40 nmethod 1615 0x000002049d3b5e90 code [0x000002049d3b6020, 0x000002049d3b60f8]
Event: 0.888 Thread 0x00000204ac644b40 1618       1       java.util.regex.Pattern::next (33 bytes)
Event: 0.888 Thread 0x00000204abdb50b0 nmethod 1616 0x000002049d3b6190 code [0x000002049d3b6320, 0x000002049d3b6418]
Event: 0.888 Thread 0x00000204ac55b7b0 nmethod 1617 0x000002049d3b6490 code [0x000002049d3b6620, 0x000002049d3b6768]
Event: 0.888 Thread 0x00000204ac644b40 nmethod 1618 0x000002049d3b6890 code [0x000002049d3b6a20, 0x000002049d3b6b68]
Event: 0.889 Thread 0x00000204ac644b40 1619       1       java.util.logging.LogManager::getProperty (9 bytes)
Event: 0.889 Thread 0x00000204ac644b40 nmethod 1619 0x000002049d3b6c90 code [0x000002049d3b6e20, 0x000002049d3b6f08]
Event: 0.899 Thread 0x00000204ac644b40 1620       1       java.util.regex.Pattern$Node::<init> (12 bytes)
Event: 0.899 Thread 0x00000204ac644b40 nmethod 1620 0x000002049d3b7290 code [0x000002049d3b7420, 0x000002049d3b7558]
Event: 0.900 Thread 0x00000204ac644b40 1621   !   1       java.util.regex.Pattern::closure (276 bytes)
Event: 0.900 Thread 0x00000204ac644b40 nmethod 1621 0x000002049d3b7610 code [0x000002049d3b7980, 0x000002049d3b8b28]

GC Heap History (2 events):
Event: 0.697 GC heap before
{Heap before GC invocations=0 (full 0):
 garbage-first heap   total 258048K, used 22528K [0x0000000704400000, 0x0000000800000000)
  region size 2048K, 11 young (22528K), 0 survivors (0K)
 Metaspace       used 7358K, committed 7552K, reserved 1056768K
  class space    used 940K, committed 1024K, reserved 1048576K
}
Event: 0.702 GC heap after
{Heap after GC invocations=1 (full 0):
 garbage-first heap   total 258048K, used 6211K [0x0000000704400000, 0x0000000800000000)
  region size 2048K, 2 young (4096K), 2 survivors (4096K)
 Metaspace       used 7358K, committed 7552K, reserved 1056768K
  class space    used 940K, committed 1024K, reserved 1048576K
}

Deoptimization events (0 events):
No events

Classes unloaded (0 events):
No events

Classes redefined (0 events):
No events

Internal exceptions (20 events):
Event: 0.714 Thread 0x000002049357e870 Exception <a 'java/lang/NoSuchMethodError'{0x0000000713f03520}: 'int java.lang.invoke.DirectMethodHandle$Holder.invokeStaticInit(java.lang.Object, java.lang.Object, java.lang.Object)'> (0x0000000713f03520) 
thrown [s\open\src\hotspot\share\interpreter\linkResolver.cpp, line 759]
Event: 0.723 Thread 0x000002049357e870 Exception <a 'java/lang/NoSuchMethodError'{0x0000000713fa0ed8}: 'java.lang.Object java.lang.invoke.DirectMethodHandle$Holder.newInvokeSpecial(java.lang.Object, java.lang.Object, java.lang.Object, java.lang.Object, java.lang.Object)'> (0x0000000713fa0ed8) 
thrown [s\open\src\hotspot\share\interpreter\linkResolver.cpp, line 759]
Event: 0.728 Thread 0x000002049357e870 Exception <a 'java/lang/NoSuchMethodError'{0x0000000713fec3c8}: 'java.lang.Object java.lang.invoke.DirectMethodHandle$Holder.invokeStaticInit(java.lang.Object, java.lang.Object, java.lang.Object)'> (0x0000000713fec3c8) 
thrown [s\open\src\hotspot\share\interpreter\linkResolver.cpp, line 759]
Event: 0.737 Thread 0x000002049357e870 Exception <a 'java/lang/IncompatibleClassChangeError'{0x0000000713c64c58}: Found class java.lang.Object, but interface was expected> (0x0000000713c64c58) 
thrown [s\open\src\hotspot\share\interpreter\linkResolver.cpp, line 826]
Event: 0.749 Thread 0x000002049357e870 Exception <a 'sun/nio/fs/WindowsException'{0x0000000713d10198}> (0x0000000713d10198) 
thrown [s\open\src\hotspot\share\prims\jni.cpp, line 516]
Event: 0.770 Thread 0x000002049357e870 Exception <a 'java/lang/NoSuchMethodError'{0x0000000713a63b70}: 'java.lang.Object java.lang.invoke.Invokers$Holder.invokeExact_MT(java.lang.Object, java.lang.Object, java.lang.Object, java.lang.Object, java.lang.Object, java.lang.Object)'> (0x0000000713a63b70) 
thrown [s\open\src\hotspot\share\interpreter\linkResolver.cpp, line 759]
Event: 0.802 Thread 0x000002049357e870 Exception <a 'java/lang/NoSuchMethodError'{0x00000007138318c0}: 'java.lang.Object java.lang.invoke.DirectMethodHandle$Holder.invokeStatic(java.lang.Object, java.lang.Object, long, java.lang.Object)'> (0x00000007138318c0) 
thrown [s\open\src\hotspot\share\interpreter\linkResolver.cpp, line 759]
Event: 0.802 Thread 0x000002049357e870 Exception <a 'java/lang/NoSuchMethodError'{0x00000007138350b0}: 'java.lang.Object java.lang.invoke.DirectMethodHandle$Holder.invokeStaticInit(java.lang.Object, java.lang.Object, long, java.lang.Object)'> (0x00000007138350b0) 
thrown [s\open\src\hotspot\share\interpreter\linkResolver.cpp, line 759]
Event: 0.802 Thread 0x000002049357e870 Exception <a 'java/lang/NoSuchMethodError'{0x000000071383b418}: 'java.lang.Object java.lang.invoke.DirectMethodHandle$Holder.newInvokeSpecial(java.lang.Object, java.lang.Object, long)'> (0x000000071383b418) 
thrown [s\open\src\hotspot\share\interpreter\linkResolver.cpp, line 759]
Event: 0.815 Thread 0x000002049357e870 Exception <a 'java/lang/NoSuchMethodError'{0x00000007139b0b28}: 'void java.lang.invoke.DirectMethodHandle$Holder.invokeStaticInit(java.lang.Object)'> (0x00000007139b0b28) 
thrown [s\open\src\hotspot\share\interpreter\linkResolver.cpp, line 759]
Event: 0.840 Thread 0x000002049357e870 Exception <a 'java/lang/NoSuchMethodError'{0x00000007137628e8}: 'void java.lang.invoke.DirectMethodHandle$Holder.invokeSpecial(java.lang.Object, java.lang.Object, java.lang.Object)'> (0x00000007137628e8) 
thrown [s\open\src\hotspot\share\interpreter\linkResolver.cpp, line 759]
Event: 0.842 Thread 0x000002049357e870 Exception <a 'java/lang/NoSuchMethodError'{0x0000000713785680}: 'java.lang.Object java.lang.invoke.DirectMethodHandle$Holder.newInvokeSpecial(java.lang.Object, java.lang.Object, java.lang.Object, java.lang.Object, java.lang.Object, java.lang.Object, java.lang.Object)'> (0x0000000713785680) 
thrown [s\open\src\hotspot\share\interpreter\linkResolver.cpp, line 759]
Event: 0.842 Thread 0x000002049357e870 Exception <a 'java/lang/NoSuchMethodError'{0x0000000713789f90}: 'java.lang.Object java.lang.invoke.Invokers$Holder.linkToTargetMethod(java.lang.Object, java.lang.Object, java.lang.Object, java.lang.Object, java.lang.Object, java.lang.Object, java.lang.Object)'> (0x0000000713789f90) 
thrown [s\open\src\hotspot\share\interpreter\linkResolver.cpp, line 759]
Event: 0.844 Thread 0x000002049357e870 Exception <a 'java/lang/NoSuchMethodError'{0x00000007137a7638}: 'void java.lang.invoke.DirectMethodHandle$Holder.invokeStaticInit(java.lang.Object, java.lang.Object)'> (0x00000007137a7638) 
thrown [s\open\src\hotspot\share\interpreter\linkResolver.cpp, line 759]
Event: 0.845 Thread 0x000002049357e870 Exception <a 'java/lang/NoSuchMethodError'{0x00000007137cab40}: 'void java.lang.invoke.DirectMethodHandle$Holder.invokeInterface(java.lang.Object, java.lang.Object)'> (0x00000007137cab40) 
thrown [s\open\src\hotspot\share\interpreter\linkResolver.cpp, line 759]
Event: 0.848 Thread 0x000002049357e870 Exception <a 'java/lang/NoSuchMethodError'{0x00000007137f7148}: 'int java.lang.invoke.DirectMethodHandle$Holder.invokeStatic(java.lang.Object, java.lang.Object, java.lang.Object, java.lang.Object)'> (0x00000007137f7148) 
thrown [s\open\src\hotspot\share\interpreter\linkResolver.cpp, line 759]
Event: 0.854 Thread 0x000002049357e870 Exception <a 'java/lang/NoSuchMethodError'{0x00000007134588b0}: 'java.lang.Object java.lang.invoke.DirectMethodHandle$Holder.invokeSpecial(java.lang.Object, java.lang.Object, java.lang.Object, java.lang.Object, java.lang.Object, java.lang.Object, int)'> (0x00000007134588b0) 
thrown [s\open\src\hotspot\share\interpreter\linkResolver.cpp, line 759]
Event: 0.855 Thread 0x000002049357e870 Exception <a 'java/lang/NoSuchMethodError'{0x0000000713462e18}: 'java.lang.Object java.lang.invoke.DirectMethodHandle$Holder.newInvokeSpecial(java.lang.Object, java.lang.Object, java.lang.Object, java.lang.Object, java.lang.Object, java.lang.Object, int)'> (0x0000000713462e18) 
thrown [s\open\src\hotspot\share\interpreter\linkResolver.cpp, line 759]
Event: 0.855 Thread 0x000002049357e870 Exception <a 'java/lang/NoSuchMethodError'{0x0000000713467ea8}: 'java.lang.Object java.lang.invoke.DirectMethodHandle$Holder.invokeSpecial(java.lang.Object, java.lang.Object, java.lang.Object, java.lang.Object, java.lang.Object, java.lang.Object, java.lang.Object, int)'> (0x0000000713467ea8) 
thrown [s\open\src\hotspot\share\interpreter\linkResolver.cpp, line 759]
Event: 0.878 Thread 0x000002049357e870 Exception <a 'java/lang/NoSuchMethodError'{0x00000007135bad50}: 'void java.lang.invoke.DirectMethodHandle$Holder.invokeSpecial(java.lang.Object, java.lang.Object, java.lang.Object, java.lang.Object, java.lang.Object)'> (0x00000007135bad50) 
thrown [s\open\src\hotspot\share\interpreter\linkResolver.cpp, line 759]

VM Operations (18 events):
Event: 0.124 Executing VM operation: HandshakeAllThreads
Event: 0.124 Executing VM operation: HandshakeAllThreads done
Event: 0.218 Executing VM operation: HandshakeAllThreads
Event: 0.218 Executing VM operation: HandshakeAllThreads done
Event: 0.244 Executing VM operation: HandshakeAllThreads
Event: 0.244 Executing VM operation: HandshakeAllThreads done
Event: 0.345 Executing VM operation: HandshakeAllThreads
Event: 0.345 Executing VM operation: HandshakeAllThreads done
Event: 0.514 Executing VM operation: HandshakeAllThreads
Event: 0.514 Executing VM operation: HandshakeAllThreads done
Event: 0.519 Executing VM operation: HandshakeAllThreads
Event: 0.519 Executing VM operation: HandshakeAllThreads done
Event: 0.524 Executing VM operation: HandshakeAllThreads
Event: 0.524 Executing VM operation: HandshakeAllThreads done
Event: 0.697 Executing VM operation: G1CollectForAllocation
Event: 0.703 Executing VM operation: G1CollectForAllocation done
Event: 0.750 Executing VM operation: HandshakeAllThreads
Event: 0.750 Executing VM operation: HandshakeAllThreads done

Events (20 events):
Event: 0.900 loading class java/io/StringWriter
Event: 0.900 loading class java/io/StringWriter done
Event: 0.901 loading class java/beans/Introspector
Event: 0.902 loading class java/beans/Introspector done
Event: 0.902 loading class java/beans/EventSetDescriptor
Event: 0.902 loading class java/beans/FeatureDescriptor
Event: 0.902 loading class java/beans/FeatureDescriptor done
Event: 0.902 loading class java/beans/EventSetDescriptor done
Event: 0.902 loading class java/beans/Introspector$1
Event: 0.902 loading class jdk/internal/access/JavaBeansAccess
Event: 0.902 loading class jdk/internal/access/JavaBeansAccess done
Event: 0.902 loading class java/beans/Introspector$1 done
Event: 0.902 loading class java/io/PushbackInputStream
Event: 0.902 loading class java/io/PushbackInputStream done
Event: 0.902 loading class sun/net/ProgressMonitor
Event: 0.902 loading class sun/net/ProgressMonitor done
Event: 0.902 loading class sun/net/DefaultProgressMeteringPolicy
Event: 0.902 loading class sun/net/ProgressMeteringPolicy
Event: 0.903 loading class sun/net/ProgressMeteringPolicy done
Event: 0.903 loading class sun/net/DefaultProgressMeteringPolicy done


Dynamic libraries:
0x00007ff7a4e70000 - 0x00007ff7a4e80000 	E:\dev\jdk17\bin\java.exe
0x00007ff8146b0000 - 0x00007ff8148a8000 	C:\Windows\SYSTEM32\ntdll.dll
0x00007ff8144d0000 - 0x00007ff814592000 	C:\Windows\System32\KERNEL32.DLL
0x00007ff8120a0000 - 0x00007ff812396000 	C:\Windows\System32\KERNELBASE.dll
0x00007ff811f00000 - 0x00007ff812000000 	C:\Windows\System32\ucrtbase.dll
0x00007ff8083e0000 - 0x00007ff8083f8000 	E:\dev\jdk17\bin\jli.dll
0x00007ff808450000 - 0x00007ff80846a000 	E:\dev\jdk17\bin\VCRUNTIME140.dll
0x00007ff8140b0000 - 0x00007ff814161000 	C:\Windows\System32\ADVAPI32.dll
0x00007ff8131a0000 - 0x00007ff81323e000 	C:\Windows\System32\msvcrt.dll
0x00007ff813100000 - 0x00007ff81319f000 	C:\Windows\System32\sechost.dll
0x00007ff813d70000 - 0x00007ff813e90000 	C:\Windows\System32\RPCRT4.dll
0x00007ff812500000 - 0x00007ff812527000 	C:\Windows\System32\bcrypt.dll
0x00007ff812f50000 - 0x00007ff8130f1000 	C:\Windows\System32\USER32.dll
0x00007ff812580000 - 0x00007ff8125a2000 	C:\Windows\System32\win32u.dll
0x00007ffff4180000 - 0x00007ffff441b000 	C:\Windows\WinSxS\amd64_microsoft.windows.common-controls_6595b64144ccf1df_6.0.19041.6456_none_60b8a6cb71f64256\COMCTL32.dll
0x00007ff812970000 - 0x00007ff81299b000 	C:\Windows\System32\GDI32.dll
0x00007ff8125b0000 - 0x00007ff8126c9000 	C:\Windows\System32\gdi32full.dll
0x00007ff812000000 - 0x00007ff81209d000 	C:\Windows\System32\msvcp_win.dll
0x00007ff8057f0000 - 0x00007ff8057fa000 	C:\Windows\SYSTEM32\VERSION.dll
0x00007ff8126d0000 - 0x00007ff8126ff000 	C:\Windows\System32\IMM32.DLL
0x00007ff80cb30000 - 0x00007ff80cb3c000 	E:\dev\jdk17\bin\vcruntime140_1.dll
0x00007fffeab30000 - 0x00007fffeabbd000 	E:\dev\jdk17\bin\msvcp140.dll
0x00007fff5b9b0000 - 0x00007fff5c572000 	E:\dev\jdk17\bin\server\jvm.dll
0x00007ff814080000 - 0x00007ff814088000 	C:\Windows\System32\PSAPI.DLL
0x00007ff802160000 - 0x00007ff802187000 	C:\Windows\SYSTEM32\WINMM.dll
0x00007ffff1720000 - 0x00007ffff1729000 	C:\Windows\SYSTEM32\WSOCK32.dll
0x00007ff813ca0000 - 0x00007ff813d0b000 	C:\Windows\System32\WS2_32.dll
0x00007ff810540000 - 0x00007ff810552000 	C:\Windows\SYSTEM32\kernel.appcore.dll
0x00007ff808440000 - 0x00007ff80844a000 	E:\dev\jdk17\bin\jimage.dll
0x00007ff810080000 - 0x00007ff810281000 	C:\Windows\SYSTEM32\DBGHELP.DLL
0x00007ffff33d0000 - 0x00007ffff3404000 	C:\Windows\SYSTEM32\dbgcore.DLL
0x00007ff811e70000 - 0x00007ff811ef2000 	C:\Windows\System32\bcryptPrimitives.dll
0x00007ff806190000 - 0x00007ff80619e000 	E:\dev\jdk17\bin\instrument.dll
0x00007ff8083a0000 - 0x00007ff8083c5000 	E:\dev\jdk17\bin\java.dll
0x00007fffeaa50000 - 0x00007fffeab26000 	E:\dev\jdk17\bin\jsvml.dll
0x00007ff813520000 - 0x00007ff813c90000 	C:\Windows\System32\SHELL32.dll
0x00007ff80ef70000 - 0x00007ff80f715000 	C:\Windows\SYSTEM32\windows.storage.dll
0x00007ff814170000 - 0x00007ff8144c4000 	C:\Windows\System32\combase.dll
0x00007ff811770000 - 0x00007ff81179b000 	C:\Windows\SYSTEM32\Wldp.dll
0x00007ff8145a0000 - 0x00007ff81466d000 	C:\Windows\System32\OLEAUT32.dll
0x00007ff8128c0000 - 0x00007ff81296d000 	C:\Windows\System32\SHCORE.dll
0x00007ff813d10000 - 0x00007ff813d6b000 	C:\Windows\System32\shlwapi.dll
0x00007ff811c70000 - 0x00007ff811c94000 	C:\Windows\SYSTEM32\profapi.dll
0x00007fffcc280000 - 0x00007fffcc298000 	E:\dev\jdk17\bin\zip.dll
0x00007fffeac60000 - 0x00007fffeac79000 	E:\dev\jdk17\bin\net.dll
0x00007ff80d120000 - 0x00007ff80d22a000 	C:\Windows\SYSTEM32\WINHTTP.dll
0x00007ff8114d0000 - 0x00007ff81153a000 	C:\Windows\system32\mswsock.dll
0x00007fffd66f0000 - 0x00007fffd6706000 	E:\dev\jdk17\bin\nio.dll
0x00007ff8111b0000 - 0x00007ff81127a000 	C:\Windows\SYSTEM32\DNSAPI.dll
0x00007ff811160000 - 0x00007ff81119b000 	C:\Windows\SYSTEM32\IPHLPAPI.DLL
0x00007ff813e90000 - 0x00007ff813e98000 	C:\Windows\System32\NSI.dll
0x00007ff808320000 - 0x00007ff80832a000 	C:\Windows\System32\rasadhlp.dll
0x00007ff805470000 - 0x00007ff8054f0000 	C:\Windows\System32\fwpuclnt.dll
0x00007ff808390000 - 0x00007ff808399000 	E:\dev\jdk17\bin\management.dll
0x00007ff808380000 - 0x00007ff80838b000 	E:\dev\jdk17\bin\management_ext.dll
0x00007ff8116d0000 - 0x00007ff8116e8000 	C:\Windows\SYSTEM32\CRYPTSP.dll
0x00007ff810d80000 - 0x00007ff810db8000 	C:\Windows\system32\rsaenh.dll
0x00007ff811bf0000 - 0x00007ff811c1e000 	C:\Windows\SYSTEM32\USERENV.dll
0x00007ff8116c0000 - 0x00007ff8116cc000 	C:\Windows\SYSTEM32\CRYPTBASE.dll
0x00007ff8078d0000 - 0x00007ff8078e7000 	C:\Windows\SYSTEM32\dhcpcsvc6.DLL
0x00007ff808050000 - 0x00007ff80806d000 	C:\Windows\SYSTEM32\dhcpcsvc.DLL
0x00007fffe4680000 - 0x00007fffe4697000 	C:\Windows\system32\napinsp.dll
0x00007fffe4660000 - 0x00007fffe467b000 	C:\Windows\system32\pnrpnsp.dll
0x00007ff80d430000 - 0x00007ff80d44d000 	C:\Windows\system32\wshbth.dll
0x00007ff80d100000 - 0x00007ff80d11d000 	C:\Windows\system32\NLAapi.dll
0x00007fffe4640000 - 0x00007fffe4652000 	C:\Windows\System32\winrnr.dll

dbghelp: loaded successfully - version: 4.0.5 - missing functions: none
symbol engine: initialized successfully - sym options: 0x614 - pdb path: .;E:\dev\jdk17\bin;C:\Windows\SYSTEM32;C:\Windows\WinSxS\amd64_microsoft.windows.common-controls_6595b64144ccf1df_6.0.19041.6456_none_60b8a6cb71f64256;E:\dev\jdk17\bin\server

VM Arguments:
jvm_args: -XX:TieredStopAtLevel=1 -Dspring.output.ansi.enabled=always -Dcom.sun.management.jmxremote -Dspring.jmx.enabled=true -Dspring.liveBeansView.mbeanDomain -Dspring.application.admin.enabled=true -Dmanagement.endpoints.jmx.exposure.include=* -javaagent:G:\idea2025.1\lib\idea_rt.jar=55795 -Dfile.encoding=UTF-8 
java_command: org.txf.demo1.Demo1Application
java_class_path (initial): C:\Users\txf\Desktop\java_review\springai-demo\demo1\target\classes;C:\Users\txf\.m2\repository\org\springframework\boot\spring-boot-starter-web\3.5.16\spring-boot-starter-web-3.5.16.jar;C:\Users\txf\.m2\repository\org\springframework\boot\spring-boot-starter\3.5.16\spring-boot-starter-3.5.16.jar;C:\Users\txf\.m2\repository\org\springframework\boot\spring-boot\3.5.16\spring-boot-3.5.16.jar;C:\Users\txf\.m2\repository\org\springframework\boot\spring-boot-autoconfigure\3.5.16\spring-boot-autoconfigure-3.5.16.jar;C:\Users\txf\.m2\repository\org\springframework\boot\spring-boot-starter-logging\3.5.16\spring-boot-starter-logging-3.5.16.jar;C:\Users\txf\.m2\repository\ch\qos\logback\logback-classic\1.5.34\logback-classic-1.5.34.jar;C:\Users\txf\.m2\repository\ch\qos\logback\logback-core\1.5.34\logback-core-1.5.34.jar;C:\Users\txf\.m2\repository\org\apache\logging\log4j\log4j-to-slf4j\2.24.3\log4j-to-slf4j-2.24.3.jar;C:\Users\txf\.m2\repository\org\apache\logging\log4j\log4j-api\2.24.3\log4j-api-2.24.3.jar;C:\Users\txf\.m2\repository\org\slf4j\jul-to-slf4j\2.0.18\jul-to-slf4j-2.0.18.jar;C:\Users\txf\.m2\repository\jakarta\annotation\jakarta.annotation-api\2.1.1\jakarta.annotation-api-2.1.1.jar;C:\Users\txf\.m2\repository\org\yaml\snakeyaml\2.4\snakeyaml-2.4.jar;C:\Users\txf\.m2\repository\org\springframework\boot\spring-boot-starter-json\3.5.16\spring-boot-starter-json-3.5.16.jar;C:\Users\txf\.m2\repository\com\fasterxml\jackson\core\jackson-databind\2.21.4\jackson-databind-2.21.4.jar;C:\Users\txf\.m2\repository\com\fasterxml\jackson\core\jackson-annotations\2.21\jackson-annotations-2.21.jar;C:\Users\txf\.m2\repository\com\fasterxml\jackson\core\jackson-core\2.21.4\jackson-core-2.21.4.jar;C:\Users\txf\.m2\repository\com\fasterxml\jackson\datatype\jackson-datatype-jdk8\2.21.4\jackson-datatype-jdk8-2.21.4.jar;C:\Users\txf\.m2\repository\com\fasterxml\jackson\datatype\jackson-datatype-jsr310\2.21.4\jackson-datatype-jsr310-2.21.4.jar;C:\Users\txf\.
Launcher Type: SUN_STANDARD

[Global flags]
     intx CICompilerCount                          = 4                                         {product} {ergonomic}
     uint ConcGCThreads                            = 3                                         {product} {ergonomic}
     uint G1ConcRefinementThreads                  = 10                                        {product} {ergonomic}
   size_t G1HeapRegionSize                         = 2097152                                   {product} {ergonomic}
    uintx GCDrainStackTargetSize                   = 64                                        {product} {ergonomic}
   size_t InitialHeapSize                          = 264241152                                 {product} {ergonomic}
     bool ManagementServer                         = true                                      {product} {command line}
   size_t MarkStackSize                            = 4194304                                   {product} {ergonomic}
   size_t MaxHeapSize                              = 4223664128                                {product} {ergonomic}
   size_t MaxNewSize                               = 2533359616                                {product} {ergonomic}
   size_t MinHeapDeltaBytes                        = 2097152                                   {product} {ergonomic}
   size_t MinHeapSize                              = 8388608                                   {product} {ergonomic}
    uintx NonProfiledCodeHeapSize                  = 0                                      {pd product} {ergonomic}
     bool ProfileInterpreter                       = false                                  {pd product} {command line}
    uintx ProfiledCodeHeapSize                     = 0                                      {pd product} {ergonomic}
   size_t SoftMaxHeapSize                          = 4223664128                             {manageable} {ergonomic}
     intx TieredStopAtLevel                        = 1                                         {product} {command line}
     bool UseCompressedClassPointers               = true                           {product lp64_product} {ergonomic}
     bool UseCompressedOops                        = true                           {product lp64_product} {ergonomic}
     bool UseG1GC                                  = true                                      {product} {ergonomic}
     bool UseLargePagesIndividualAllocation        = false                                  {pd product} {ergonomic}

Logging:
Log output configuration:
 #0: stdout all=warning uptime,level,tags
 #1: stderr all=off uptime,level,tags

Environment Variables:
JAVA_HOME=E:\dev\jdk8
CLASSPATH=.;E:\dev\jdk8\lib\dt.jar;E:\dev\jdk8\lib\tools.jar;D:\dev\apache-tomcat-10.0.27\lib\servlet-api.jar;
PATH=C:\Users\txf\AppData\Local\Yarn\bin;E:\dev\jdk8\bin;G:\mysql8.0\bin;C:\Program Files\dotnet\;H:\Git\Git\cmd;C:\windows\system32;E:\dev\Maven\apache-maven-3.8.6;E:\dev\python3.11;D:\JetBrains\Toolbox\scripts;D:\dev\apache-tomcat-10.0.27\bin;G:\软件\xshell\;D:\dev\pairs;D:\dev\jdk8\bin\chromdriver.exe;C:\Users\txf\AppData\Roaming\npm\node_modules\yarn;E:\dev\apache-jmeter-5.4.3\bin;C:\Program Files\NVIDIA Corporation\NVIDIA App\NvDLISR;C:\Program Files (x86)\NVIDIA Corporation\PhysX\Common;C:\Program Files (x86)\Microsoft Visual Studio\2022\BuildTools\VC\Tools\MSVC\14.44.35207\bin\Hostx64\x64;E:\dev\python3.11\Scripts;G:\软件\NetSarang\Xshell 8\;C:\Program Files\nodejs\;D:\dev\python3.8.5\Scripts\;D:\dev\python3.8.5\;C:\Users\txf\AppData\Local\Microsoft\WindowsApps;G:\软件\QQGameTempest\Hall.57734\;C:\Users\txf\.dotnet\tools;C:\Program Files\MySQL\MySQL Server 8.0\bin;C:\Program Files (x86)\Mysql\MySQL Server 8.0\bin;C:\Users\txf\AppData\Local\Pandoc\;C:\Users\txf\AppData\Local\JetBrains\Toolbox\scripts;G:\Microsoft VS Code\bin;C:\Users\txf\AppData\Local\Microsoft\WinGet\Packages\Schniz.fnm_Microsoft.Winget.Source_8wekyb3d8bbwe;F:\ai_tool\ffmpeg-2025-02-17-git-b92577405b-full_build\bin;G:\软件\fiddler_classic;C:\Users\txf\AppData\Roaming\npm
USERNAME=txf
OS=Windows_NT
PROCESSOR_IDENTIFIER=Intel64 Family 6 Model 141 Stepping 1, GenuineIntel



---------------  S Y S T E M  ---------------

OS:
 Windows 10 , 64 bit Build 19041 (10.0.19041.5915)
OS uptime: 0 days 1:33 hours

CPU: total 12 (initial active 12) (6 cores per cpu, 2 threads per core) family 6 model 141 stepping 1 microcode 0x58, cx8, cmov, fxsr, ht, mmx, 3dnowpref, sse, sse2, sse3, ssse3, sse4.1, sse4.2, popcnt, lzcnt, tsc, tscinvbit, avx, avx2, aes, erms, clmul, bmi1, bmi2, adx, avx512f, avx512dq, avx512cd, avx512bw, avx512vl, sha, fma, vzeroupper, avx512_vpopcntdq, avx512_vpclmulqdq, avx512_vaes, avx512_vnni, clflush, clflushopt, clwb, avx512_vbmi2, avx512_vbmi

Memory: 4k page, system-wide physical 16110M (2868M free)
TotalPageFile size 20206M (AvailPageFile size 0M)
current process WorkingSet (physical memory assigned to process): 85M, peak: 85M
current process commit charge ("private bytes"): 363M, peak: 363M

vm_info: Java HotSpot(TM) 64-Bit Server VM (17.0.5+9-LTS-191) for windows-amd64 JRE (17.0.5+9-LTS-191), built on Sep 13 2022 17:31:43 by "mach5one" with MS VC++ 16.8 / 16.9 (VS2019)

END.
