#
# There is insufficient memory for the Java Runtime Environment to continue.
# Native memory allocation (mmap) failed to map 65536 bytes for Failed to commit metaspace.
# Possible reasons:
#   The system is out of physical RAM or swap space
#   The process is running with CompressedOops enabled, and the Java Heap may be blocking the growth of the native heap
# Possible solutions:
#   Reduce memory load on the system
#   Increase physical memory or swap space
#   Check if swap backing store is full
#   Decrease Java heap size (-Xmx/-Xms)
#   Decrease number of Java threads
#   Decrease Java thread stack sizes (-Xss)
#   Set larger code cache with -XX:ReservedCodeCacheSize=
#   JVM is running with Zero Based Compressed Oops mode in which the Java heap is
#     placed in the first 32GB address space. The Java Heap base address is the
#     maximum limit for the native heap growth. Please use -XX:HeapBaseMinAddress
#     to set the Java Heap base and to place the Java Heap above 32GB virtual address.
# This output file may be truncated or incomplete.
#
#  Out of Memory Error (virtualSpaceNode.cpp:110), pid=31076, tid=11148
#
# JRE version: Java(TM) SE Runtime Environment (17.0.5+9) (build 17.0.5+9-LTS-191)
# Java VM: Java HotSpot(TM) 64-Bit Server VM (17.0.5+9-LTS-191, mixed mode, emulated-client, sharing, tiered, compressed oops, compressed class ptrs, g1 gc, windows-amd64)
# No core dump will be written. Minidumps are not enabled by default on client versions of Windows
#

---------------  S U M M A R Y ------------

Command Line: -XX:TieredStopAtLevel=1 -Dspring.output.ansi.enabled=always -Dcom.sun.management.jmxremote -Dspring.jmx.enabled=true -Dspring.liveBeansView.mbeanDomain -Dspring.application.admin.enabled=true -Dmanagement.endpoints.jmx.exposure.include=* -javaagent:G:\idea2025.1\lib\idea_rt.jar=59877 -Dfile.encoding=UTF-8 org.txf.book_management.BookManagementApplication

Host: 11th Gen Intel(R) Core(TM) i5-11260H @ 2.60GHz, 12 cores, 15G,  Windows 10 , 64 bit Build 19041 (10.0.19041.5915)
Time: Sun Sep 13 09:06:21 2026  Windows 10 , 64 bit Build 19041 (10.0.19041.5915) elapsed time: 0.369782 seconds (0d 0h 0m 0s)

---------------  T H R E A D  ---------------

Current thread (0x000001712a498a10):  JavaThread "main" [_thread_in_vm, id=11148, stack(0x000000233b800000,0x000000233b900000)]

Stack: [0x000000233b800000,0x000000233b900000]
Native frames: (J=compiled Java code, j=interpreted, Vv=VM code, C=native code)
V  [jvm.dll+0x672eea]
V  [jvm.dll+0x7d2a04]
V  [jvm.dll+0x7d41ae]
V  [jvm.dll+0x7d4813]
V  [jvm.dll+0x242c15]
V  [jvm.dll+0x7ce9ab]
V  [jvm.dll+0x618bb6]
V  [jvm.dll+0x618c1a]
V  [jvm.dll+0x61b42a]
V  [jvm.dll+0x619556]
V  [jvm.dll+0x2386d6]
V  [jvm.dll+0x1e885d]
V  [jvm.dll+0x1de2a1]
V  [jvm.dll+0x5393e0]
V  [jvm.dll+0x1eea87]
V  [jvm.dll+0x74c92b]
V  [jvm.dll+0x74dcd2]
V  [jvm.dll+0x74e008]
V  [jvm.dll+0x23b08e]
V  [jvm.dll+0x37b6ce]
C  0x0000017131d19ad7

Java frames: (J=compiled Java code, j=interpreted, Vv=VM code)
j  sun.management.jmxremote.LocalRMIServerSocketFactory.createServerSocket(I)Ljava/net/ServerSocket;+0 jdk.management.agent@17.0.5
j  sun.rmi.transport.tcp.TCPEndpoint.newServerSocket()Ljava/net/ServerSocket;+45 java.rmi@17.0.5
j  sun.rmi.transport.tcp.TCPTransport.listen()V+67 java.rmi@17.0.5
j  sun.rmi.transport.tcp.TCPTransport.exportObject(Lsun/rmi/transport/Target;)V+5 java.rmi@17.0.5
j  sun.rmi.transport.tcp.TCPEndpoint.exportObject(Lsun/rmi/transport/Target;)V+5 java.rmi@17.0.5
j  sun.rmi.transport.LiveRef.exportObject(Lsun/rmi/transport/Target;)V+5 java.rmi@17.0.5
j  sun.rmi.server.UnicastServerRef.exportObject(Ljava/rmi/Remote;Ljava/lang/Object;Z)Ljava/rmi/Remote;+78 java.rmi@17.0.5
j  sun.management.jmxremote.ConnectorBootstrap$PermanentExporter.exportObject(Ljava/rmi/Remote;ILjava/rmi/server/RMIClientSocketFactory;Ljava/rmi/server/RMIServerSocketFactory;Ljava/io/ObjectInputFilter;)Ljava/rmi/Remote;+82 jdk.management.agent@17.0.5
j  javax.management.remote.rmi.RMIJRMPServerImpl.export(Ljava/rmi/Remote;Ljava/io/ObjectInputFilter;)V+62 java.management.rmi@17.0.5
j  javax.management.remote.rmi.RMIJRMPServerImpl.export()V+6 java.management.rmi@17.0.5
j  javax.management.remote.rmi.RMIConnectorServer.start()V+257 java.management.rmi@17.0.5
j  sun.management.jmxremote.ConnectorBootstrap.startLocalConnectorServer()Ljavax/management/remote/JMXConnectorServer;+290 jdk.management.agent@17.0.5
j  jdk.internal.agent.Agent.startLocalManagementAgent()V+13 jdk.management.agent@17.0.5
j  jdk.internal.agent.Agent.startAgent(Ljava/util/Properties;)V+58 jdk.management.agent@17.0.5
j  jdk.internal.agent.Agent.startAgent()V+20 jdk.management.agent@17.0.5
v  ~StubRoutines::call_stub

---------------  P R O C E S S  ---------------

Threads class SMR info:
_java_thread_list=0x0000017141639650, length=14, elements={
0x000001712a498a10, 0x000001714128f990, 0x0000017141290340, 0x00000171412a9dc0,
0x00000171412aa770, 0x00000171412ab120, 0x00000171412adae0, 0x00000171412ae540,
0x00000171412b1f50, 0x0000017140d1b0c0, 0x000001714139cb70, 0x000001714139d890,
0x00000171416382a0, 0x000001714163c990
}

Java Threads: ( => current thread )
=>0x000001712a498a10 JavaThread "main" [_thread_in_vm, id=11148, stack(0x000000233b800000,0x000000233b900000)]
  0x000001714128f990 JavaThread "Reference Handler" daemon [_thread_blocked, id=14296, stack(0x000000233bf00000,0x000000233c000000)]
  0x0000017141290340 JavaThread "Finalizer" daemon [_thread_blocked, id=5264, stack(0x000000233c000000,0x000000233c100000)]
  0x00000171412a9dc0 JavaThread "Signal Dispatcher" daemon [_thread_blocked, id=2556, stack(0x000000233c100000,0x000000233c200000)]
  0x00000171412aa770 JavaThread "Attach Listener" daemon [_thread_blocked, id=32380, stack(0x000000233c200000,0x000000233c300000)]
  0x00000171412ab120 JavaThread "Service Thread" daemon [_thread_blocked, id=24852, stack(0x000000233c300000,0x000000233c400000)]
  0x00000171412adae0 JavaThread "Monitor Deflation Thread" daemon [_thread_blocked, id=18932, stack(0x000000233c400000,0x000000233c500000)]
  0x00000171412ae540 JavaThread "C1 CompilerThread0" daemon [_thread_blocked, id=17620, stack(0x000000233c500000,0x000000233c600000)]
  0x00000171412b1f50 JavaThread "Sweeper thread" daemon [_thread_blocked, id=20232, stack(0x000000233c600000,0x000000233c700000)]
  0x0000017140d1b0c0 JavaThread "Common-Cleaner" daemon [_thread_blocked, id=11332, stack(0x000000233c700000,0x000000233c800000)]
  0x000001714139cb70 JavaThread "C1 CompilerThread1" daemon [_thread_blocked, id=26136, stack(0x000000233c800000,0x000000233c900000)]
  0x000001714139d890 JavaThread "C1 CompilerThread2" daemon [_thread_blocked, id=32684, stack(0x000000233c900000,0x000000233ca00000)]
  0x00000171416382a0 JavaThread "Monitor Ctrl-Break" daemon [_thread_in_native, id=21896, stack(0x000000233ca00000,0x000000233cb00000)]
  0x000001714163c990 JavaThread "Notification Thread" daemon [_thread_blocked, id=31732, stack(0x000000233cb00000,0x000000233cc00000)]

Other Threads:
  0x0000017141289ff0 VMThread "VM Thread" [stack: 0x000000233be00000,0x000000233bf00000] [id=18296]
  0x000001712a5040d0 GCTaskThread "GC Thread#0" [stack: 0x000000233b900000,0x000000233ba00000] [id=27632]
  0x000001712a514ad0 ConcurrentGCThread "G1 Main Marker" [stack: 0x000000233ba00000,0x000000233bb00000] [id=15792]
  0x000001712a5153e0 ConcurrentGCThread "G1 Conc#0" [stack: 0x000000233bb00000,0x000000233bc00000] [id=14392]
  0x000001712a55cc00 ConcurrentGCThread "G1 Refine#0" [stack: 0x000000233bc00000,0x000000233bd00000] [id=27424]
  0x000001712a55d520 ConcurrentGCThread "G1 Service" [stack: 0x000000233bd00000,0x000000233be00000] [id=21268]

Threads with active compile tasks:

VM state: not at safepoint (normal execution)

VM Mutex/Monitor currently owned by a thread:  ([mutex/lock_event])
[0x000001712a493690] Metaspace_lock - owner thread: 0x000001712a498a10

Heap address: 0x0000000704400000, size: 4028 MB, Compressed Oops mode: Zero based, Oop shift amount: 3

CDS archive(s) mapped at: [0x0000000800000000-0x0000000800bd0000-0x0000000800bd0000), size 12386304, SharedBaseAddress: 0x0000000800000000, ArchiveRelocationMode: 0.
Compressed class space mapped at: 0x0000000800c00000-0x0000000840c00000, reserved size: 1073741824
Narrow klass base: 0x0000000800000000, Narrow klass shift: 0, Narrow klass range: 0x100000000

GC Precious Log:
 CPUs: 12 total, 12 available
 Memory: 16110M
 Large Page Support: Disabled
 NUMA Support: Disabled
 Compressed Oops: Enabled (Zero based)
 Heap Region Size: 2M
 Heap Min Capacity: 8M
 Heap Initial Capacity: 252M
 Heap Max Capacity: 4028M
 Pre-touch: Disabled
 Parallel Workers: 10
 Concurrent Workers: 3
 Concurrent Refinement Workers: 10
 Periodic GC: Disabled

Heap:
 garbage-first heap   total 258048K, used 10240K [0x0000000704400000, 0x0000000800000000)
  region size 2048K, 6 young (12288K), 0 survivors (0K)
 Metaspace       used 4227K, committed 4352K, reserved 1056768K
  class space    used 513K, committed 576K, reserved 1048576K

Heap Regions: E=young(eden), S=young(survivor), O=old, HS=humongous(starts), HC=humongous(continues), CS=collection set, F=free, OA=open archive, CA=closed archive, TAMS=top-at-mark-start (previous, next)
|   0|0x0000000704400000, 0x0000000704400000, 0x0000000704600000|  0%| F|  |TAMS 0x0000000704400000, 0x0000000704400000| Untracked 
|   1|0x0000000704600000, 0x0000000704600000, 0x0000000704800000|  0%| F|  |TAMS 0x0000000704600000, 0x0000000704600000| Untracked 
|   2|0x0000000704800000, 0x0000000704800000, 0x0000000704a00000|  0%| F|  |TAMS 0x0000000704800000, 0x0000000704800000| Untracked 
|   3|0x0000000704a00000, 0x0000000704a00000, 0x0000000704c00000|  0%| F|  |TAMS 0x0000000704a00000, 0x0000000704a00000| Untracked 
|   4|0x0000000704c00000, 0x0000000704c00000, 0x0000000704e00000|  0%| F|  |TAMS 0x0000000704c00000, 0x0000000704c00000| Untracked 
|   5|0x0000000704e00000, 0x0000000704e00000, 0x0000000705000000|  0%| F|  |TAMS 0x0000000704e00000, 0x0000000704e00000| Untracked 
|   6|0x0000000705000000, 0x0000000705000000, 0x0000000705200000|  0%| F|  |TAMS 0x0000000705000000, 0x0000000705000000| Untracked 
|   7|0x0000000705200000, 0x0000000705200000, 0x0000000705400000|  0%| F|  |TAMS 0x0000000705200000, 0x0000000705200000| Untracked 
|   8|0x0000000705400000, 0x0000000705400000, 0x0000000705600000|  0%| F|  |TAMS 0x0000000705400000, 0x0000000705400000| Untracked 
|   9|0x0000000705600000, 0x0000000705600000, 0x0000000705800000|  0%| F|  |TAMS 0x0000000705600000, 0x0000000705600000| Untracked 
|  10|0x0000000705800000, 0x0000000705800000, 0x0000000705a00000|  0%| F|  |TAMS 0x0000000705800000, 0x0000000705800000| Untracked 
|  11|0x0000000705a00000, 0x0000000705a00000, 0x0000000705c00000|  0%| F|  |TAMS 0x0000000705a00000, 0x0000000705a00000| Untracked 
|  12|0x0000000705c00000, 0x0000000705c00000, 0x0000000705e00000|  0%| F|  |TAMS 0x0000000705c00000, 0x0000000705c00000| Untracked 
|  13|0x0000000705e00000, 0x0000000705e00000, 0x0000000706000000|  0%| F|  |TAMS 0x0000000705e00000, 0x0000000705e00000| Untracked 
|  14|0x0000000706000000, 0x0000000706000000, 0x0000000706200000|  0%| F|  |TAMS 0x0000000706000000, 0x0000000706000000| Untracked 
|  15|0x0000000706200000, 0x0000000706200000, 0x0000000706400000|  0%| F|  |TAMS 0x0000000706200000, 0x0000000706200000| Untracked 
|  16|0x0000000706400000, 0x0000000706400000, 0x0000000706600000|  0%| F|  |TAMS 0x0000000706400000, 0x0000000706400000| Untracked 
|  17|0x0000000706600000, 0x0000000706600000, 0x0000000706800000|  0%| F|  |TAMS 0x0000000706600000, 0x0000000706600000| Untracked 
|  18|0x0000000706800000, 0x0000000706800000, 0x0000000706a00000|  0%| F|  |TAMS 0x0000000706800000, 0x0000000706800000| Untracked 
|  19|0x0000000706a00000, 0x0000000706a00000, 0x0000000706c00000|  0%| F|  |TAMS 0x0000000706a00000, 0x0000000706a00000| Untracked 
|  20|0x0000000706c00000, 0x0000000706c00000, 0x0000000706e00000|  0%| F|  |TAMS 0x0000000706c00000, 0x0000000706c00000| Untracked 
|  21|0x0000000706e00000, 0x0000000706e00000, 0x0000000707000000|  0%| F|  |TAMS 0x0000000706e00000, 0x0000000706e00000| Untracked 
|  22|0x0000000707000000, 0x0000000707000000, 0x0000000707200000|  0%| F|  |TAMS 0x0000000707000000, 0x0000000707000000| Untracked 
|  23|0x0000000707200000, 0x0000000707200000, 0x0000000707400000|  0%| F|  |TAMS 0x0000000707200000, 0x0000000707200000| Untracked 
|  24|0x0000000707400000, 0x0000000707400000, 0x0000000707600000|  0%| F|  |TAMS 0x0000000707400000, 0x0000000707400000| Untracked 
|  25|0x0000000707600000, 0x0000000707600000, 0x0000000707800000|  0%| F|  |TAMS 0x0000000707600000, 0x0000000707600000| Untracked 
|  26|0x0000000707800000, 0x0000000707800000, 0x0000000707a00000|  0%| F|  |TAMS 0x0000000707800000, 0x0000000707800000| Untracked 
|  27|0x0000000707a00000, 0x0000000707a00000, 0x0000000707c00000|  0%| F|  |TAMS 0x0000000707a00000, 0x0000000707a00000| Untracked 
|  28|0x0000000707c00000, 0x0000000707c00000, 0x0000000707e00000|  0%| F|  |TAMS 0x0000000707c00000, 0x0000000707c00000| Untracked 
|  29|0x0000000707e00000, 0x0000000707e00000, 0x0000000708000000|  0%| F|  |TAMS 0x0000000707e00000, 0x0000000707e00000| Untracked 
|  30|0x0000000708000000, 0x0000000708000000, 0x0000000708200000|  0%| F|  |TAMS 0x0000000708000000, 0x0000000708000000| Untracked 
|  31|0x0000000708200000, 0x0000000708200000, 0x0000000708400000|  0%| F|  |TAMS 0x0000000708200000, 0x0000000708200000| Untracked 
|  32|0x0000000708400000, 0x0000000708400000, 0x0000000708600000|  0%| F|  |TAMS 0x0000000708400000, 0x0000000708400000| Untracked 
|  33|0x0000000708600000, 0x0000000708600000, 0x0000000708800000|  0%| F|  |TAMS 0x0000000708600000, 0x0000000708600000| Untracked 
|  34|0x0000000708800000, 0x0000000708800000, 0x0000000708a00000|  0%| F|  |TAMS 0x0000000708800000, 0x0000000708800000| Untracked 
|  35|0x0000000708a00000, 0x0000000708a00000, 0x0000000708c00000|  0%| F|  |TAMS 0x0000000708a00000, 0x0000000708a00000| Untracked 
|  36|0x0000000708c00000, 0x0000000708c00000, 0x0000000708e00000|  0%| F|  |TAMS 0x0000000708c00000, 0x0000000708c00000| Untracked 
|  37|0x0000000708e00000, 0x0000000708e00000, 0x0000000709000000|  0%| F|  |TAMS 0x0000000708e00000, 0x0000000708e00000| Untracked 
|  38|0x0000000709000000, 0x0000000709000000, 0x0000000709200000|  0%| F|  |TAMS 0x0000000709000000, 0x0000000709000000| Untracked 
|  39|0x0000000709200000, 0x0000000709200000, 0x0000000709400000|  0%| F|  |TAMS 0x0000000709200000, 0x0000000709200000| Untracked 
|  40|0x0000000709400000, 0x0000000709400000, 0x0000000709600000|  0%| F|  |TAMS 0x0000000709400000, 0x0000000709400000| Untracked 
|  41|0x0000000709600000, 0x0000000709600000, 0x0000000709800000|  0%| F|  |TAMS 0x0000000709600000, 0x0000000709600000| Untracked 
|  42|0x0000000709800000, 0x0000000709800000, 0x0000000709a00000|  0%| F|  |TAMS 0x0000000709800000, 0x0000000709800000| Untracked 
|  43|0x0000000709a00000, 0x0000000709a00000, 0x0000000709c00000|  0%| F|  |TAMS 0x0000000709a00000, 0x0000000709a00000| Untracked 
|  44|0x0000000709c00000, 0x0000000709c00000, 0x0000000709e00000|  0%| F|  |TAMS 0x0000000709c00000, 0x0000000709c00000| Untracked 
|  45|0x0000000709e00000, 0x0000000709e00000, 0x000000070a000000|  0%| F|  |TAMS 0x0000000709e00000, 0x0000000709e00000| Untracked 
|  46|0x000000070a000000, 0x000000070a000000, 0x000000070a200000|  0%| F|  |TAMS 0x000000070a000000, 0x000000070a000000| Untracked 
|  47|0x000000070a200000, 0x000000070a200000, 0x000000070a400000|  0%| F|  |TAMS 0x000000070a200000, 0x000000070a200000| Untracked 
|  48|0x000000070a400000, 0x000000070a400000, 0x000000070a600000|  0%| F|  |TAMS 0x000000070a400000, 0x000000070a400000| Untracked 
|  49|0x000000070a600000, 0x000000070a600000, 0x000000070a800000|  0%| F|  |TAMS 0x000000070a600000, 0x000000070a600000| Untracked 
|  50|0x000000070a800000, 0x000000070a800000, 0x000000070aa00000|  0%| F|  |TAMS 0x000000070a800000, 0x000000070a800000| Untracked 
|  51|0x000000070aa00000, 0x000000070aa00000, 0x000000070ac00000|  0%| F|  |TAMS 0x000000070aa00000, 0x000000070aa00000| Untracked 
|  52|0x000000070ac00000, 0x000000070ac00000, 0x000000070ae00000|  0%| F|  |TAMS 0x000000070ac00000, 0x000000070ac00000| Untracked 
|  53|0x000000070ae00000, 0x000000070ae00000, 0x000000070b000000|  0%| F|  |TAMS 0x000000070ae00000, 0x000000070ae00000| Untracked 
|  54|0x000000070b000000, 0x000000070b000000, 0x000000070b200000|  0%| F|  |TAMS 0x000000070b000000, 0x000000070b000000| Untracked 
|  55|0x000000070b200000, 0x000000070b200000, 0x000000070b400000|  0%| F|  |TAMS 0x000000070b200000, 0x000000070b200000| Untracked 
|  56|0x000000070b400000, 0x000000070b400000, 0x000000070b600000|  0%| F|  |TAMS 0x000000070b400000, 0x000000070b400000| Untracked 
|  57|0x000000070b600000, 0x000000070b600000, 0x000000070b800000|  0%| F|  |TAMS 0x000000070b600000, 0x000000070b600000| Untracked 
|  58|0x000000070b800000, 0x000000070b800000, 0x000000070ba00000|  0%| F|  |TAMS 0x000000070b800000, 0x000000070b800000| Untracked 
|  59|0x000000070ba00000, 0x000000070ba00000, 0x000000070bc00000|  0%| F|  |TAMS 0x000000070ba00000, 0x000000070ba00000| Untracked 
|  60|0x000000070bc00000, 0x000000070bc00000, 0x000000070be00000|  0%| F|  |TAMS 0x000000070bc00000, 0x000000070bc00000| Untracked 
|  61|0x000000070be00000, 0x000000070be00000, 0x000000070c000000|  0%| F|  |TAMS 0x000000070be00000, 0x000000070be00000| Untracked 
|  62|0x000000070c000000, 0x000000070c000000, 0x000000070c200000|  0%| F|  |TAMS 0x000000070c000000, 0x000000070c000000| Untracked 
|  63|0x000000070c200000, 0x000000070c200000, 0x000000070c400000|  0%| F|  |TAMS 0x000000070c200000, 0x000000070c200000| Untracked 
|  64|0x000000070c400000, 0x000000070c400000, 0x000000070c600000|  0%| F|  |TAMS 0x000000070c400000, 0x000000070c400000| Untracked 
|  65|0x000000070c600000, 0x000000070c600000, 0x000000070c800000|  0%| F|  |TAMS 0x000000070c600000, 0x000000070c600000| Untracked 
|  66|0x000000070c800000, 0x000000070c800000, 0x000000070ca00000|  0%| F|  |TAMS 0x000000070c800000, 0x000000070c800000| Untracked 
|  67|0x000000070ca00000, 0x000000070ca00000, 0x000000070cc00000|  0%| F|  |TAMS 0x000000070ca00000, 0x000000070ca00000| Untracked 
|  68|0x000000070cc00000, 0x000000070cc00000, 0x000000070ce00000|  0%| F|  |TAMS 0x000000070cc00000, 0x000000070cc00000| Untracked 
|  69|0x000000070ce00000, 0x000000070ce00000, 0x000000070d000000|  0%| F|  |TAMS 0x000000070ce00000, 0x000000070ce00000| Untracked 
|  70|0x000000070d000000, 0x000000070d000000, 0x000000070d200000|  0%| F|  |TAMS 0x000000070d000000, 0x000000070d000000| Untracked 
|  71|0x000000070d200000, 0x000000070d200000, 0x000000070d400000|  0%| F|  |TAMS 0x000000070d200000, 0x000000070d200000| Untracked 
|  72|0x000000070d400000, 0x000000070d400000, 0x000000070d600000|  0%| F|  |TAMS 0x000000070d400000, 0x000000070d400000| Untracked 
|  73|0x000000070d600000, 0x000000070d600000, 0x000000070d800000|  0%| F|  |TAMS 0x000000070d600000, 0x000000070d600000| Untracked 
|  74|0x000000070d800000, 0x000000070d800000, 0x000000070da00000|  0%| F|  |TAMS 0x000000070d800000, 0x000000070d800000| Untracked 
|  75|0x000000070da00000, 0x000000070da00000, 0x000000070dc00000|  0%| F|  |TAMS 0x000000070da00000, 0x000000070da00000| Untracked 
|  76|0x000000070dc00000, 0x000000070dc00000, 0x000000070de00000|  0%| F|  |TAMS 0x000000070dc00000, 0x000000070dc00000| Untracked 
|  77|0x000000070de00000, 0x000000070de00000, 0x000000070e000000|  0%| F|  |TAMS 0x000000070de00000, 0x000000070de00000| Untracked 
|  78|0x000000070e000000, 0x000000070e000000, 0x000000070e200000|  0%| F|  |TAMS 0x000000070e000000, 0x000000070e000000| Untracked 
|  79|0x000000070e200000, 0x000000070e200000, 0x000000070e400000|  0%| F|  |TAMS 0x000000070e200000, 0x000000070e200000| Untracked 
|  80|0x000000070e400000, 0x000000070e400000, 0x000000070e600000|  0%| F|  |TAMS 0x000000070e400000, 0x000000070e400000| Untracked 
|  81|0x000000070e600000, 0x000000070e600000, 0x000000070e800000|  0%| F|  |TAMS 0x000000070e600000, 0x000000070e600000| Untracked 
|  82|0x000000070e800000, 0x000000070e800000, 0x000000070ea00000|  0%| F|  |TAMS 0x000000070e800000, 0x000000070e800000| Untracked 
|  83|0x000000070ea00000, 0x000000070ea00000, 0x000000070ec00000|  0%| F|  |TAMS 0x000000070ea00000, 0x000000070ea00000| Untracked 
|  84|0x000000070ec00000, 0x000000070ec00000, 0x000000070ee00000|  0%| F|  |TAMS 0x000000070ec00000, 0x000000070ec00000| Untracked 
|  85|0x000000070ee00000, 0x000000070ee00000, 0x000000070f000000|  0%| F|  |TAMS 0x000000070ee00000, 0x000000070ee00000| Untracked 
|  86|0x000000070f000000, 0x000000070f000000, 0x000000070f200000|  0%| F|  |TAMS 0x000000070f000000, 0x000000070f000000| Untracked 
|  87|0x000000070f200000, 0x000000070f200000, 0x000000070f400000|  0%| F|  |TAMS 0x000000070f200000, 0x000000070f200000| Untracked 
|  88|0x000000070f400000, 0x000000070f400000, 0x000000070f600000|  0%| F|  |TAMS 0x000000070f400000, 0x000000070f400000| Untracked 
|  89|0x000000070f600000, 0x000000070f600000, 0x000000070f800000|  0%| F|  |TAMS 0x000000070f600000, 0x000000070f600000| Untracked 
|  90|0x000000070f800000, 0x000000070f800000, 0x000000070fa00000|  0%| F|  |TAMS 0x000000070f800000, 0x000000070f800000| Untracked 
|  91|0x000000070fa00000, 0x000000070fa00000, 0x000000070fc00000|  0%| F|  |TAMS 0x000000070fa00000, 0x000000070fa00000| Untracked 
|  92|0x000000070fc00000, 0x000000070fc00000, 0x000000070fe00000|  0%| F|  |TAMS 0x000000070fc00000, 0x000000070fc00000| Untracked 
|  93|0x000000070fe00000, 0x000000070fe00000, 0x0000000710000000|  0%| F|  |TAMS 0x000000070fe00000, 0x000000070fe00000| Untracked 
|  94|0x0000000710000000, 0x0000000710000000, 0x0000000710200000|  0%| F|  |TAMS 0x0000000710000000, 0x0000000710000000| Untracked 
|  95|0x0000000710200000, 0x0000000710200000, 0x0000000710400000|  0%| F|  |TAMS 0x0000000710200000, 0x0000000710200000| Untracked 
|  96|0x0000000710400000, 0x0000000710400000, 0x0000000710600000|  0%| F|  |TAMS 0x0000000710400000, 0x0000000710400000| Untracked 
|  97|0x0000000710600000, 0x0000000710600000, 0x0000000710800000|  0%| F|  |TAMS 0x0000000710600000, 0x0000000710600000| Untracked 
|  98|0x0000000710800000, 0x0000000710800000, 0x0000000710a00000|  0%| F|  |TAMS 0x0000000710800000, 0x0000000710800000| Untracked 
|  99|0x0000000710a00000, 0x0000000710a00000, 0x0000000710c00000|  0%| F|  |TAMS 0x0000000710a00000, 0x0000000710a00000| Untracked 
| 100|0x0000000710c00000, 0x0000000710c00000, 0x0000000710e00000|  0%| F|  |TAMS 0x0000000710c00000, 0x0000000710c00000| Untracked 
| 101|0x0000000710e00000, 0x0000000710e00000, 0x0000000711000000|  0%| F|  |TAMS 0x0000000710e00000, 0x0000000710e00000| Untracked 
| 102|0x0000000711000000, 0x0000000711000000, 0x0000000711200000|  0%| F|  |TAMS 0x0000000711000000, 0x0000000711000000| Untracked 
| 103|0x0000000711200000, 0x0000000711200000, 0x0000000711400000|  0%| F|  |TAMS 0x0000000711200000, 0x0000000711200000| Untracked 
| 104|0x0000000711400000, 0x0000000711400000, 0x0000000711600000|  0%| F|  |TAMS 0x0000000711400000, 0x0000000711400000| Untracked 
| 105|0x0000000711600000, 0x0000000711600000, 0x0000000711800000|  0%| F|  |TAMS 0x0000000711600000, 0x0000000711600000| Untracked 
| 106|0x0000000711800000, 0x0000000711800000, 0x0000000711a00000|  0%| F|  |TAMS 0x0000000711800000, 0x0000000711800000| Untracked 
| 107|0x0000000711a00000, 0x0000000711a00000, 0x0000000711c00000|  0%| F|  |TAMS 0x0000000711a00000, 0x0000000711a00000| Untracked 
| 108|0x0000000711c00000, 0x0000000711c00000, 0x0000000711e00000|  0%| F|  |TAMS 0x0000000711c00000, 0x0000000711c00000| Untracked 
| 109|0x0000000711e00000, 0x0000000711e00000, 0x0000000712000000|  0%| F|  |TAMS 0x0000000711e00000, 0x0000000711e00000| Untracked 
| 110|0x0000000712000000, 0x0000000712000000, 0x0000000712200000|  0%| F|  |TAMS 0x0000000712000000, 0x0000000712000000| Untracked 
| 111|0x0000000712200000, 0x0000000712200000, 0x0000000712400000|  0%| F|  |TAMS 0x0000000712200000, 0x0000000712200000| Untracked 
| 112|0x0000000712400000, 0x0000000712400000, 0x0000000712600000|  0%| F|  |TAMS 0x0000000712400000, 0x0000000712400000| Untracked 
| 113|0x0000000712600000, 0x0000000712600000, 0x0000000712800000|  0%| F|  |TAMS 0x0000000712600000, 0x0000000712600000| Untracked 
| 114|0x0000000712800000, 0x0000000712800000, 0x0000000712a00000|  0%| F|  |TAMS 0x0000000712800000, 0x0000000712800000| Untracked 
| 115|0x0000000712a00000, 0x0000000712a00000, 0x0000000712c00000|  0%| F|  |TAMS 0x0000000712a00000, 0x0000000712a00000| Untracked 
| 116|0x0000000712c00000, 0x0000000712c00000, 0x0000000712e00000|  0%| F|  |TAMS 0x0000000712c00000, 0x0000000712c00000| Untracked 
| 117|0x0000000712e00000, 0x0000000712e00000, 0x0000000713000000|  0%| F|  |TAMS 0x0000000712e00000, 0x0000000712e00000| Untracked 
| 118|0x0000000713000000, 0x0000000713000000, 0x0000000713200000|  0%| F|  |TAMS 0x0000000713000000, 0x0000000713000000| Untracked 
| 119|0x0000000713200000, 0x0000000713200000, 0x0000000713400000|  0%| F|  |TAMS 0x0000000713200000, 0x0000000713200000| Untracked 
| 120|0x0000000713400000, 0x00000007134e1ce8, 0x0000000713600000| 44%| E|  |TAMS 0x0000000713400000, 0x0000000713400000| Complete 
| 121|0x0000000713600000, 0x0000000713800000, 0x0000000713800000|100%| E|CS|TAMS 0x0000000713600000, 0x0000000713600000| Complete 
| 122|0x0000000713800000, 0x0000000713a00000, 0x0000000713a00000|100%| E|CS|TAMS 0x0000000713800000, 0x0000000713800000| Complete 
| 123|0x0000000713a00000, 0x0000000713c00000, 0x0000000713c00000|100%| E|CS|TAMS 0x0000000713a00000, 0x0000000713a00000| Complete 
| 124|0x0000000713c00000, 0x0000000713e00000, 0x0000000713e00000|100%| E|CS|TAMS 0x0000000713c00000, 0x0000000713c00000| Complete 
| 125|0x0000000713e00000, 0x0000000714000000, 0x0000000714000000|100%| E|CS|TAMS 0x0000000713e00000, 0x0000000713e00000| Complete 

Card table byte_map: [0x0000017135810000,0x0000017135ff0000] _byte_map_base: 0x0000017131fee000

Marking Bits (Prev, Next): (CMBitMap*) 0x000001712a5045e0, (CMBitMap*) 0x000001712a504620
 Prev Bits: [0x00000171367d0000, 0x000001713a6c0000)
 Next Bits: [0x000001713a6c0000, 0x000001713e5b0000)

Polling page: 0x0000017128140000

Metaspace:

Usage:
  Non-class:      3.63 MB used.
      Class:    513.98 KB used.
       Both:      4.13 MB used.

Virtual space:
  Non-class space:        8.00 MB reserved,       3.69 MB ( 46%) committed,  1 nodes.
      Class space:        1.00 GB reserved,     576.00 KB ( <1%) committed,  1 nodes.
             Both:        1.01 GB reserved,       4.25 MB ( <1%) committed. 

Chunk freelists:
   Non-Class:  3.91 MB
       Class:  3.25 MB
        Both:  7.16 MB

MaxMetaspaceSize: unlimited
CompressedClassSpaceSize: 1.00 GB
Initial GC threshold: 21.00 MB
Current GC threshold: 21.00 MB
CDS: on
MetaspaceReclaimPolicy: balanced
 - commit_granule_bytes: 65536.
 - commit_granule_words: 8192.
 - virtual_space_node_default_size: 1048576.
 - enlarge_chunks_in_place: 1.
 - new_chunks_are_fully_committed: 0.
 - uncommit_free_chunks: 1.
 - use_allocation_guard: 0.
 - handle_deallocations: 1.


Internal statistics:

num_allocs_failed_limit: 0.
num_arena_births: 76.
num_arena_deaths: 0.
num_vsnodes_births: 2.
num_vsnodes_deaths: 0.
num_space_committed: 68.
num_space_uncommitted: 0.
num_chunks_returned_to_freelist: 0.
num_chunks_taken_from_freelist: 91.
num_chunk_merges: 0.
num_chunk_splits: 58.
num_chunks_enlarged: 29.
num_purges: 0.
num_inconsistent_stats: 0.

CodeCache: size=49152Kb used=3366Kb max_used=3366Kb free=45785Kb
 bounds [0x0000017131d00000, 0x0000017132050000, 0x0000017134d00000]
 total_blobs=1269 nmethods=832 adapters=363
 compilation: enabled
              stopped_count=0, restarted_count=0
 full_count=0

Compilation events (20 events):
Event: 0.354 Thread 0x00000171412ae540  823       1       java.lang.Class::descriptorString (170 bytes)
Event: 0.355 Thread 0x00000171412ae540 nmethod 823 0x0000017132043690 code [0x00000171320439e0, 0x0000017132044598]
Event: 0.356 Thread 0x00000171412ae540  824       1       java.lang.Class::cast (27 bytes)
Event: 0.356 Thread 0x00000171412ae540 nmethod 824 0x0000017132044c10 code [0x0000017132044dc0, 0x0000017132044f78]
Event: 0.356 Thread 0x00000171412ae540  825       1       java.lang.invoke.MethodHandles$Lookup::in (283 bytes)
Event: 0.357 Thread 0x000001714139cb70  826       1       java.security.AccessController::executePrivileged (65 bytes)
Event: 0.357 Thread 0x000001714139cb70 nmethod 826 0x0000017132045090 code [0x0000017132045240, 0x0000017132045338]
Event: 0.357 Thread 0x00000171412ae540 nmethod 825 0x0000017132045410 code [0x0000017132045720, 0x00000171320463f8]
Event: 0.358 Thread 0x00000171412ae540  827       1       java.security.AccessController::doPrivileged (9 bytes)
Event: 0.358 Thread 0x000001714139d890  828       1       java.lang.ref.Cleaner::register (25 bytes)
Event: 0.358 Thread 0x000001714139cb70  829       1       jdk.internal.ref.CleanerImpl$PhantomCleanableRef::<init> (12 bytes)
Event: 0.358 Thread 0x00000171412ae540 nmethod 827 0x0000017132047310 code [0x00000171320474c0, 0x00000171320475b8]
Event: 0.358 Thread 0x000001714139cb70 nmethod 829 0x0000017132047690 code [0x0000017132047820, 0x0000017132047968]
Event: 0.358 Thread 0x000001714139d890 nmethod 828 0x0000017132047a10 code [0x0000017132047be0, 0x0000017132047f08]
Event: 0.362 Thread 0x000001714139d890  830       1       sun.invoke.util.VerifyAccess::isMemberAccessible (338 bytes)
Event: 0.363 Thread 0x000001714139d890 nmethod 830 0x0000017132048090 code [0x0000017132048360, 0x0000017132048cc8]
Event: 0.364 Thread 0x000001714139d890  831       1       java.lang.invoke.Invokers$Holder::linkToTargetMethod (9 bytes)
Event: 0.364 Thread 0x000001714139cb70  832       1       java.util.Properties::getProperty (50 bytes)
Event: 0.364 Thread 0x000001714139d890 nmethod 831 0x0000017132049110 code [0x00000171320492c0, 0x00000171320493d8]
Event: 0.364 Thread 0x000001714139cb70 nmethod 832 0x0000017132049490 code [0x0000017132049640, 0x0000017132049838]

GC Heap History (0 events):
No events

Deoptimization events (0 events):
No events

Classes unloaded (0 events):
No events

Classes redefined (0 events):
No events

Internal exceptions (10 events):
Event: 0.141 Thread 0x00000171416382a0 Exception <a 'java/lang/NoSuchMethodError'{0x0000000713be2c90}: 'java.lang.Object java.lang.invoke.DirectMethodHandle$Holder.invokeStaticInit(java.lang.Object)'> (0x0000000713be2c90) 
thrown [s\open\src\hotspot\share\interpreter\linkResolver.cpp, line 759]
Event: 0.151 Thread 0x00000171416382a0 Exception <a 'java/lang/NoSuchMethodError'{0x0000000713bf0ab8}: 'void java.lang.invoke.DirectMethodHandle$Holder.invokeStatic(java.lang.Object, java.lang.Object)'> (0x0000000713bf0ab8) 
thrown [s\open\src\hotspot\share\interpreter\linkResolver.cpp, line 759]
Event: 0.183 Thread 0x000001712a498a10 Exception <a 'java/lang/NoSuchMethodError'{0x0000000713894770}: 'int java.lang.invoke.DirectMethodHandle$Holder.invokeInterface(java.lang.Object, java.lang.Object)'> (0x0000000713894770) 
thrown [s\open\src\hotspot\share\interpreter\linkResolver.cpp, line 759]
Event: 0.183 Thread 0x000001712a498a10 Exception <a 'java/lang/IncompatibleClassChangeError'{0x0000000713897d70}: Found class java.lang.Object, but interface was expected> (0x0000000713897d70) 
thrown [s\open\src\hotspot\share\interpreter\linkResolver.cpp, line 826]
Event: 0.234 Thread 0x000001712a498a10 Exception <a 'java/lang/NoSuchMethodError'{0x00000007139d3c68}: 'int java.lang.invoke.DirectMethodHandle$Holder.invokeSpecial(java.lang.Object, java.lang.Object, java.lang.Object)'> (0x00000007139d3c68) 
thrown [s\open\src\hotspot\share\interpreter\linkResolver.cpp, line 759]
Event: 0.269 Thread 0x000001712a498a10 Exception <a 'java/lang/NoSuchMethodError'{0x00000007136cee10}: 'void java.lang.invoke.DirectMethodHandle$Holder.invokeStatic(java.lang.Object, java.lang.Object, java.lang.Object)'> (0x00000007136cee10) 
thrown [s\open\src\hotspot\share\interpreter\linkResolver.cpp, line 759]
Event: 0.280 Thread 0x000001712a498a10 Exception <a 'java/lang/NoSuchMethodError'{0x000000071370ba10}: 'int java.lang.invoke.DirectMethodHandle$Holder.invokeSpecialIFC(java.lang.Object, java.lang.Object, java.lang.Object)'> (0x000000071370ba10) 
thrown [s\open\src\hotspot\share\interpreter\linkResolver.cpp, line 759]
Event: 0.301 Thread 0x000001712a498a10 Exception <a 'java/lang/NoSuchMethodError'{0x0000000713781e40}: 'java.lang.Object java.lang.invoke.DirectMethodHandle$Holder.invokeStaticInit(java.lang.Object, int, int, int, int)'> (0x0000000713781e40) 
thrown [s\open\src\hotspot\share\interpreter\linkResolver.cpp, line 759]
Event: 0.346 Thread 0x000001712a498a10 Exception <a 'java/lang/NoSuchMethodError'{0x000000071344c3f8}: 'java.lang.Object java.lang.invoke.DirectMethodHandle$Holder.invokeStaticInit(java.lang.Object, java.lang.Object, int, int, int, int)'> (0x000000071344c3f8) 
thrown [s\open\src\hotspot\share\interpreter\linkResolver.cpp, line 759]
Event: 0.360 Thread 0x000001712a498a10 Exception <a 'java/lang/ClassNotFoundException'{0x000000071346a750}: javax/management/remote/rmi/RMIServerImpl_Skel> (0x000000071346a750) 
thrown [s\open\src\hotspot\share\classfile\systemDictionary.cpp, line 256]

VM Operations (8 events):
Event: 0.081 Executing VM operation: HandshakeAllThreads
Event: 0.081 Executing VM operation: HandshakeAllThreads done
Event: 0.139 Executing VM operation: HandshakeAllThreads
Event: 0.139 Executing VM operation: HandshakeAllThreads done
Event: 0.294 Executing VM operation: HandshakeAllThreads
Event: 0.294 Executing VM operation: HandshakeAllThreads done
Event: 0.359 Executing VM operation: HandshakeAllThreads
Event: 0.359 Executing VM operation: HandshakeAllThreads done

Events (20 events):
Event: 0.367 loading class sun/rmi/transport/DGCImpl$2 done
Event: 0.367 loading class java/io/ObjectInputFilter$FilterInfo
Event: 0.367 loading class java/io/ObjectInputFilter$FilterInfo done
Event: 0.367 loading class sun/rmi/transport/DGCImpl_Stub
Event: 0.367 loading class sun/rmi/transport/DGCImpl_Stub done
Event: 0.367 loading class java/rmi/server/Operation
Event: 0.367 loading class java/rmi/server/Operation done
Event: 0.367 loading class sun/rmi/transport/DGCImpl_Skel
Event: 0.367 loading class java/rmi/server/Skeleton
Event: 0.367 loading class java/rmi/server/Skeleton done
Event: 0.367 loading class sun/rmi/transport/DGCImpl_Skel done
Event: 0.368 loading class java/net/SocketPermissionCollection
Event: 0.368 loading class java/net/SocketPermissionCollection done
Event: 0.368 loading class java/net/SocketPermissionCollection$1
Event: 0.368 loading class java/net/SocketPermissionCollection$1 done
Event: 0.368 loading class sun/rmi/transport/DGCImpl$2$1
Event: 0.368 loading class sun/rmi/transport/DGCImpl$2$1 done
Event: 0.368 loading class sun/rmi/transport/ObjectEndpoint
Event: 0.368 loading class sun/rmi/transport/ObjectEndpoint done
Event: 0.368 loading class sun/management/jmxremote/LocalRMIServerSocketFactory$1


Dynamic libraries:
0x00007ff674920000 - 0x00007ff674930000 	E:\dev\jdk17\bin\java.exe
0x00007ffe75af0000 - 0x00007ffe75ce8000 	C:\Windows\SYSTEM32\ntdll.dll
0x00007ffe74120000 - 0x00007ffe741e2000 	C:\Windows\System32\KERNEL32.DLL
0x00007ffe735d0000 - 0x00007ffe738c6000 	C:\Windows\System32\KERNELBASE.dll
0x00007ffe73290000 - 0x00007ffe73390000 	C:\Windows\System32\ucrtbase.dll
0x00007ffe62920000 - 0x00007ffe62938000 	E:\dev\jdk17\bin\jli.dll
0x00007ffe63a00000 - 0x00007ffe63a1a000 	E:\dev\jdk17\bin\VCRUNTIME140.dll
0x00007ffe757c0000 - 0x00007ffe75871000 	C:\Windows\System32\ADVAPI32.dll
0x00007ffe741f0000 - 0x00007ffe7428e000 	C:\Windows\System32\msvcrt.dll
0x00007ffe73fc0000 - 0x00007ffe7405f000 	C:\Windows\System32\sechost.dll
0x00007ffe75110000 - 0x00007ffe75230000 	C:\Windows\System32\RPCRT4.dll
0x00007ffe73180000 - 0x00007ffe731a7000 	C:\Windows\System32\bcrypt.dll
0x00007ffe74320000 - 0x00007ffe744c1000 	C:\Windows\System32\USER32.dll
0x00007ffe731b0000 - 0x00007ffe731d2000 	C:\Windows\System32\win32u.dll
0x00007ffe75a80000 - 0x00007ffe75aab000 	C:\Windows\System32\GDI32.dll
0x00007ffe61470000 - 0x00007ffe6170b000 	C:\Windows\WinSxS\amd64_microsoft.windows.common-controls_6595b64144ccf1df_6.0.19041.6456_none_60b8a6cb71f64256\COMCTL32.dll
0x00007ffe739f0000 - 0x00007ffe73b09000 	C:\Windows\System32\gdi32full.dll
0x00007ffe738d0000 - 0x00007ffe7396d000 	C:\Windows\System32\msvcp_win.dll
0x00007ffe6b580000 - 0x00007ffe6b58a000 	C:\Windows\SYSTEM32\VERSION.dll
0x00007ffe73ed0000 - 0x00007ffe73eff000 	C:\Windows\System32\IMM32.DLL
0x00007ffe6dcf0000 - 0x00007ffe6dcfc000 	E:\dev\jdk17\bin\vcruntime140_1.dll
0x00007ffe44220000 - 0x00007ffe442ad000 	E:\dev\jdk17\bin\msvcp140.dll
0x00007ffe06330000 - 0x00007ffe06ef2000 	E:\dev\jdk17\bin\server\jvm.dll
0x00007ffe74060000 - 0x00007ffe74068000 	C:\Windows\System32\PSAPI.DLL
0x00007ffe5f4a0000 - 0x00007ffe5f4c7000 	C:\Windows\SYSTEM32\WINMM.dll
0x00007ffe521e0000 - 0x00007ffe521e9000 	C:\Windows\SYSTEM32\WSOCK32.dll
0x00007ffe74530000 - 0x00007ffe7459b000 	C:\Windows\System32\WS2_32.dll
0x00007ffe71990000 - 0x00007ffe719a2000 	C:\Windows\SYSTEM32\kernel.appcore.dll
0x00007ffe6dc70000 - 0x00007ffe6dc7a000 	E:\dev\jdk17\bin\jimage.dll
0x00007ffe714d0000 - 0x00007ffe716d1000 	C:\Windows\SYSTEM32\DBGHELP.DLL
0x00007ffe63930000 - 0x00007ffe63964000 	C:\Windows\SYSTEM32\dbgcore.DLL
0x00007ffe73390000 - 0x00007ffe73412000 	C:\Windows\System32\bcryptPrimitives.dll
0x00007ffe639e0000 - 0x00007ffe639ee000 	E:\dev\jdk17\bin\instrument.dll
0x00007ffe628f0000 - 0x00007ffe62915000 	E:\dev\jdk17\bin\java.dll
0x00007ffe44140000 - 0x00007ffe44216000 	E:\dev\jdk17\bin\jsvml.dll
0x00007ffe747f0000 - 0x00007ffe74f60000 	C:\Windows\System32\SHELL32.dll
0x00007ffe703b0000 - 0x00007ffe70b55000 	C:\Windows\SYSTEM32\windows.storage.dll
0x00007ffe73b70000 - 0x00007ffe73ec4000 	C:\Windows\System32\combase.dll
0x00007ffe72bb0000 - 0x00007ffe72bdb000 	C:\Windows\SYSTEM32\Wldp.dll
0x00007ffe75880000 - 0x00007ffe7594d000 	C:\Windows\System32\OLEAUT32.dll
0x00007ffe74070000 - 0x00007ffe7411d000 	C:\Windows\System32\SHCORE.dll
0x00007ffe73b10000 - 0x00007ffe73b6b000 	C:\Windows\System32\shlwapi.dll
0x00007ffe730b0000 - 0x00007ffe730d4000 	C:\Windows\SYSTEM32\profapi.dll
0x00007ffe58c30000 - 0x00007ffe58c48000 	E:\dev\jdk17\bin\zip.dll
0x00007ffe5f8c0000 - 0x00007ffe5f8d9000 	E:\dev\jdk17\bin\net.dll
0x00007ffe6e640000 - 0x00007ffe6e74a000 	C:\Windows\SYSTEM32\WINHTTP.dll
0x00007ffe72910000 - 0x00007ffe7297a000 	C:\Windows\system32\mswsock.dll
0x00007ffe59b20000 - 0x00007ffe59b36000 	E:\dev\jdk17\bin\nio.dll
0x00007ffe725f0000 - 0x00007ffe726ba000 	C:\Windows\SYSTEM32\DNSAPI.dll
0x00007ffe725a0000 - 0x00007ffe725db000 	C:\Windows\SYSTEM32\IPHLPAPI.DLL
0x00007ffe74750000 - 0x00007ffe74758000 	C:\Windows\System32\NSI.dll
0x00007ffe6d0d0000 - 0x00007ffe6d0da000 	C:\Windows\System32\rasadhlp.dll
0x00007ffe6a360000 - 0x00007ffe6a3e0000 	C:\Windows\System32\fwpuclnt.dll
0x00007ffe622c0000 - 0x00007ffe622c9000 	E:\dev\jdk17\bin\management.dll
0x00007ffe604e0000 - 0x00007ffe604eb000 	E:\dev\jdk17\bin\management_ext.dll
0x00007ffe72b00000 - 0x00007ffe72b18000 	C:\Windows\SYSTEM32\CRYPTSP.dll
0x00007ffe721c0000 - 0x00007ffe721f8000 	C:\Windows\system32\rsaenh.dll
0x00007ffe73030000 - 0x00007ffe7305e000 	C:\Windows\SYSTEM32\USERENV.dll
0x00007ffe72b20000 - 0x00007ffe72b2c000 	C:\Windows\SYSTEM32\CRYPTBASE.dll
0x00007ffe6d100000 - 0x00007ffe6d117000 	C:\Windows\SYSTEM32\dhcpcsvc6.DLL
0x00007ffe6d2c0000 - 0x00007ffe6d2dd000 	C:\Windows\SYSTEM32\dhcpcsvc.DLL
0x00007ffe45680000 - 0x00007ffe45697000 	C:\Windows\system32\napinsp.dll
0x00007ffe45660000 - 0x00007ffe4567b000 	C:\Windows\system32\pnrpnsp.dll
0x00007ffe6cac0000 - 0x00007ffe6cadd000 	C:\Windows\system32\wshbth.dll
0x00007ffe6e750000 - 0x00007ffe6e76d000 	C:\Windows\system32\NLAapi.dll
0x00007ffe45350000 - 0x00007ffe45362000 	C:\Windows\System32\winrnr.dll

dbghelp: loaded successfully - version: 4.0.5 - missing functions: none
symbol engine: initialized successfully - sym options: 0x614 - pdb path: .;E:\dev\jdk17\bin;C:\Windows\SYSTEM32;C:\Windows\WinSxS\amd64_microsoft.windows.common-controls_6595b64144ccf1df_6.0.19041.6456_none_60b8a6cb71f64256;E:\dev\jdk17\bin\server

VM Arguments:
jvm_args: -XX:TieredStopAtLevel=1 -Dspring.output.ansi.enabled=always -Dcom.sun.management.jmxremote -Dspring.jmx.enabled=true -Dspring.liveBeansView.mbeanDomain -Dspring.application.admin.enabled=true -Dmanagement.endpoints.jmx.exposure.include=* -javaagent:G:\idea2025.1\lib\idea_rt.jar=59877 -Dfile.encoding=UTF-8 
java_command: org.txf.book_management.BookManagementApplication
java_class_path (initial): C:\Users\txf\Desktop\java_review\book_management\target\classes;C:\Users\txf\.m2\repository\org\springframework\boot\spring-boot-starter-web\3.0.2\spring-boot-starter-web-3.0.2.jar;C:\Users\txf\.m2\repository\org\springframework\boot\spring-boot-starter\3.0.2\spring-boot-starter-3.0.2.jar;C:\Users\txf\.m2\repository\org\springframework\boot\spring-boot\3.0.2\spring-boot-3.0.2.jar;C:\Users\txf\.m2\repository\org\springframework\boot\spring-boot-starter-logging\3.0.2\spring-boot-starter-logging-3.0.2.jar;C:\Users\txf\.m2\repository\ch\qos\logback\logback-classic\1.4.5\logback-classic-1.4.5.jar;C:\Users\txf\.m2\repository\ch\qos\logback\logback-core\1.4.5\logback-core-1.4.5.jar;C:\Users\txf\.m2\repository\org\apache\logging\log4j\log4j-to-slf4j\2.19.0\log4j-to-slf4j-2.19.0.jar;C:\Users\txf\.m2\repository\org\apache\logging\log4j\log4j-api\2.19.0\log4j-api-2.19.0.jar;C:\Users\txf\.m2\repository\org\slf4j\jul-to-slf4j\2.0.6\jul-to-slf4j-2.0.6.jar;C:\Users\txf\.m2\repository\jakarta\annotation\jakarta.annotation-api\2.1.1\jakarta.annotation-api-2.1.1.jar;C:\Users\txf\.m2\repository\org\yaml\snakeyaml\1.33\snakeyaml-1.33.jar;C:\Users\txf\.m2\repository\org\springframework\boot\spring-boot-starter-json\3.0.2\spring-boot-starter-json-3.0.2.jar;C:\Users\txf\.m2\repository\com\fasterxml\jackson\core\jackson-databind\2.14.1\jackson-databind-2.14.1.jar;C:\Users\txf\.m2\repository\com\fasterxml\jackson\core\jackson-annotations\2.14.1\jackson-annotations-2.14.1.jar;C:\Users\txf\.m2\repository\com\fasterxml\jackson\core\jackson-core\2.14.1\jackson-core-2.14.1.jar;C:\Users\txf\.m2\repository\com\fasterxml\jackson\datatype\jackson-datatype-jdk8\2.14.1\jackson-datatype-jdk8-2.14.1.jar;C:\Users\txf\.m2\repository\com\fasterxml\jackson\datatype\jackson-datatype-jsr310\2.14.1\jackson-datatype-jsr310-2.14.1.jar;C:\Users\txf\.m2\repository\com\fasterxml\jackson\module\jackson-module-parameter-names\2.14.1\jackson-module-parameter-names-2.14.1.jar;C:\Users\txf\.
Launcher Type: SUN_STANDARD

[Global flags]
     intx CICompilerCount                          = 4                                         {product} {ergonomic}
     uint ConcGCThreads                            = 3                                         {product} {ergonomic}
     uint G1ConcRefinementThreads                  = 10                                        {product} {ergonomic}
   size_t G1HeapRegionSize                         = 2097152                                   {product} {ergonomic}
    uintx GCDrainStackTargetSize                   = 64                                        {product} {ergonomic}
   size_t InitialHeapSize                          = 264241152                                 {product} {ergonomic}
     bool ManagementServer                         = true                                      {product} {command line}
   size_t MarkStackSize                            = 4194304                                   {product} {ergonomic}
   size_t MaxHeapSize                              = 4223664128                                {product} {ergonomic}
   size_t MaxNewSize                               = 2533359616                                {product} {ergonomic}
   size_t MinHeapDeltaBytes                        = 2097152                                   {product} {ergonomic}
   size_t MinHeapSize                              = 8388608                                   {product} {ergonomic}
    uintx NonProfiledCodeHeapSize                  = 0                                      {pd product} {ergonomic}
     bool ProfileInterpreter                       = false                                  {pd product} {command line}
    uintx ProfiledCodeHeapSize                     = 0                                      {pd product} {ergonomic}
   size_t SoftMaxHeapSize                          = 4223664128                             {manageable} {ergonomic}
     intx TieredStopAtLevel                        = 1                                         {product} {command line}
     bool UseCompressedClassPointers               = true                           {product lp64_product} {ergonomic}
     bool UseCompressedOops                        = true                           {product lp64_product} {ergonomic}
     bool UseG1GC                                  = true                                      {product} {ergonomic}
     bool UseLargePagesIndividualAllocation        = false                                  {pd product} {ergonomic}

Logging:
Log output configuration:
 #0: stdout all=warning uptime,level,tags
 #1: stderr all=off uptime,level,tags

Environment Variables:
JAVA_HOME=E:\dev\jdk8
CLASSPATH=.;E:\dev\jdk8\lib\dt.jar;E:\dev\jdk8\lib\tools.jar;D:\dev\apache-tomcat-10.0.27\lib\servlet-api.jar;
PATH=C:\Users\txf\AppData\Local\Yarn\bin;E:\dev\jdk8\bin;G:\mysql8.0\bin;C:\Program Files\dotnet\;H:\Git\Git\cmd;C:\windows\system32;E:\dev\Maven\apache-maven-3.8.6;E:\dev\python3.11;D:\JetBrains\Toolbox\scripts;D:\dev\apache-tomcat-10.0.27\bin;G:\软件\xshell\;D:\dev\pairs;D:\dev\jdk8\bin\chromdriver.exe;C:\Users\txf\AppData\Roaming\npm\node_modules\yarn;E:\dev\apache-jmeter-5.4.3\bin;C:\Program Files\NVIDIA Corporation\NVIDIA App\NvDLISR;C:\Program Files (x86)\NVIDIA Corporation\PhysX\Common;C:\Program Files (x86)\Microsoft Visual Studio\2022\BuildTools\VC\Tools\MSVC\14.44.35207\bin\Hostx64\x64;E:\dev\python3.11\Scripts;G:\软件\NetSarang\Xshell 8\;C:\Program Files\nodejs\;D:\dev\python3.8.5\Scripts\;D:\dev\python3.8.5\;C:\Users\txf\AppData\Local\Microsoft\WindowsApps;G:\软件\QQGameTempest\Hall.57734\;C:\Users\txf\.dotnet\tools;C:\Program Files\MySQL\MySQL Server 8.0\bin;C:\Program Files (x86)\Mysql\MySQL Server 8.0\bin;C:\Users\txf\AppData\Local\Pandoc\;C:\Users\txf\AppData\Local\JetBrains\Toolbox\scripts;G:\Microsoft VS Code\bin;C:\Users\txf\AppData\Local\Microsoft\WinGet\Packages\Schniz.fnm_Microsoft.Winget.Source_8wekyb3d8bbwe;F:\ai_tool\ffmpeg-2025-02-17-git-b92577405b-full_build\bin;G:\软件\fiddler_classic;C:\Users\txf\AppData\Roaming\npm
USERNAME=txf
OS=Windows_NT
PROCESSOR_IDENTIFIER=Intel64 Family 6 Model 141 Stepping 1, GenuineIntel



---------------  S Y S T E M  ---------------

OS:
 Windows 10 , 64 bit Build 19041 (10.0.19041.5915)
OS uptime: 1 days 1:42 hours

CPU: total 12 (initial active 12) (6 cores per cpu, 2 threads per core) family 6 model 141 stepping 1 microcode 0x58, cx8, cmov, fxsr, ht, mmx, 3dnowpref, sse, sse2, sse3, ssse3, sse4.1, sse4.2, popcnt, lzcnt, tsc, tscinvbit, avx, avx2, aes, erms, clmul, bmi1, bmi2, adx, avx512f, avx512dq, avx512cd, avx512bw, avx512vl, sha, fma, vzeroupper, avx512_vpopcntdq, avx512_vpclmulqdq, avx512_vaes, avx512_vnni, clflush, clflushopt, clwb, avx512_vbmi2, avx512_vbmi

Memory: 4k page, system-wide physical 16110M (1911M free)
TotalPageFile size 20206M (AvailPageFile size 0M)
current process WorkingSet (physical memory assigned to process): 51M, peak: 51M
current process commit charge ("private bytes"): 347M, peak: 347M

vm_info: Java HotSpot(TM) 64-Bit Server VM (17.0.5+9-LTS-191) for windows-amd64 JRE (17.0.5+9-LTS-191), built on Sep 13 2022 17:31:43 by "mach5one" with MS VC++ 16.8 / 16.9 (VS2019)

END.
